Product: MDK-ARM Professional 5.10
Component: ARM Compiler 5.04 update 1 (build 49)
Tool: armlink [5040049]

==============================================================================

Section Cross References

    startup_stm32f40_41xxx.o(STACK) refers (Special) to heapauxi.o(.text) for __use_two_region_memory
    startup_stm32f40_41xxx.o(HEAP) refers (Special) to heapauxi.o(.text) for __use_two_region_memory
    startup_stm32f40_41xxx.o(RESET) refers (Special) to heapauxi.o(.text) for __use_two_region_memory
    startup_stm32f40_41xxx.o(RESET) refers to startup_stm32f40_41xxx.o(STACK) for __initial_sp
    startup_stm32f40_41xxx.o(RESET) refers to startup_stm32f40_41xxx.o(.text) for Reset_Handler
    startup_stm32f40_41xxx.o(RESET) refers to stm32f4xx_it.o(.text) for NMI_Handler
    startup_stm32f40_41xxx.o(RESET) refers to os_cpu_a.o(.text) for PendSV_Handler
    startup_stm32f40_41xxx.o(RESET) refers to delay.o(.text) for SysTick_Handler
    startup_stm32f40_41xxx.o(RESET) refers to usart.o(.text) for USART1_IRQHandler
    startup_stm32f40_41xxx.o(.text) refers (Special) to heapauxi.o(.text) for __use_two_region_memory
    startup_stm32f40_41xxx.o(.text) refers to system_stm32f4xx.o(.text) for SystemInit
    startup_stm32f40_41xxx.o(.text) refers to __main.o(!!!main) for __main
    startup_stm32f40_41xxx.o(.text) refers to startup_stm32f40_41xxx.o(HEAP) for Heap_Mem
    startup_stm32f40_41xxx.o(.text) refers to startup_stm32f40_41xxx.o(STACK) for Stack_Mem
    main.o(.text) refers to _printf_percent.o(.ARM.Collect$$_printf_percent$$00000000) for _printf_percent
    main.o(.text) refers to _printf_d.o(.ARM.Collect$$_printf_percent$$00000009) for _printf_d
    main.o(.text) refers to _printf_x.o(.ARM.Collect$$_printf_percent$$0000000C) for _printf_x
    main.o(.text) refers to _printf_dec.o(.text) for _printf_int_dec
    main.o(.text) refers to _printf_hex_int.o(.text) for _printf_longlong_hex
    main.o(.text) refers to _printf_s.o(.ARM.Collect$$_printf_percent$$00000014) for _printf_s
    main.o(.text) refers to _printf_str.o(.text) for _printf_str
    main.o(.text) refers to key.o(.text) for KEY_Scan
    main.o(.text) refers to ucos_ii.o(.text) for OSTaskQuery
    main.o(.text) refers to noretval__2printf.o(.text) for __2printf
    main.o(.text) refers to delay.o(.text) for delay_ms
    main.o(.text) refers to os_cpu_a.o(.text) for OS_CPU_SR_Save
    main.o(.text) refers to misc.o(.text) for NVIC_PriorityGroupConfig
    main.o(.text) refers to usart.o(.text) for uart_init
    main.o(.text) refers to led.o(.text) for LED_Init
    main.o(.text) refers to beep.o(.text) for BEEP_Init
    main.o(.text) refers to main.o(.data) for sem0
    main.o(.text) refers to main.o(.bss) for LED0_SKT
    system_stm32f4xx.o(.text) refers to system_stm32f4xx.o(.data) for SystemCoreClock
    led.o(.text) refers to stm32f4xx_rcc.o(.text) for RCC_AHB1PeriphClockCmd
    led.o(.text) refers to stm32f4xx_gpio.o(.text) for GPIO_Init
    key.o(.text) refers to sys.o(.text) for GPIO_Set
    key.o(.text) refers to delay.o(.text) for delay_ms
    key.o(.text) refers to key.o(.data) for key_up
    beep.o(.text) refers to sys.o(.text) for GPIO_Set
    delay.o(.text) refers to ucos_ii.o(.text) for OSIntEnter
    delay.o(.text) refers to delay.o(.data) for fac_us
    delay.o(.text) refers to ucos_ii.o(.data) for OSRunning
    usart.o(.rev16_text) refers (Special) to use_no_semi_2.o(.text) for __use_no_semihosting
    usart.o(.revsh_text) refers (Special) to use_no_semi_2.o(.text) for __use_no_semihosting
    usart.o(.text) refers (Special) to use_no_semi_2.o(.text) for __use_no_semihosting
    usart.o(.text) refers to ucos_ii.o(.text) for OSIntEnter
    usart.o(.text) refers to sys.o(.text) for GPIO_Set
    usart.o(.text) refers to usart.o(.data) for USART_RX_STA
    usart.o(.text) refers to usart.o(.bss) for USART_RX_BUF
    usart.o(.bss) refers (Special) to use_no_semi_2.o(.text) for __use_no_semihosting
    usart.o(.data) refers (Special) to use_no_semi_2.o(.text) for __use_no_semihosting
    sys.o(.text) refers to sys.o(.emb_text) for WFI_SET
    os_cpu_c.o(.text) refers to ucos_ii.o(.text) for OS_TaskReturn
    os_cpu_a.o(.text) refers (Special) to ucos_ii.o(.text) for OSIntExit
    os_cpu_a.o(.text) refers (Special) to ucos_ii.o(.data) for OSIntNesting
    os_cpu_a.o(.text) refers to os_cpu_c.o(.text) for OSTaskSwHook
    ucos_ii.o(.text) refers to os_cpu_a.o(.text) for OS_CPU_SR_Save
    ucos_ii.o(.text) refers to os_cpu_c.o(.text) for OSTaskStatHook
    ucos_ii.o(.text) refers to ucos_ii.o(.data) for OSIntNesting
    ucos_ii.o(.text) refers to ucos_ii.o(.bss) for OSTCBPrioTbl
    ucos_ii.o(.text) refers to ucos_ii.o(.constdata) for OSUnMapTbl
    stm32f4xx_gpio.o(.text) refers to stm32f4xx_rcc.o(.text) for RCC_AHB1PeriphResetCmd
    stm32f4xx_rcc.o(.text) refers to stm32f4xx_rcc.o(.data) for APBAHBPrescTable
[...]
    rtexit2.o(.ARM.exidx) refers to rtexit2.o(.ARM.Collect$$rtexit$$00000003) for .ARM.Collect$$rtexit$$00000003
    rtexit2.o(.ARM.exidx) refers to rtexit2.o(.ARM.Collect$$rtexit$$00000004) for .ARM.Collect$$rtexit$$00000004
    argv_veneer.o(.emb_text) refers to no_argv.o(.text) for __ARM_get_argv
    _get_argv_nomalloc.o(.text) refers (Special) to hrguard.o(.text) for __heap_region$guard
    _get_argv_nomalloc.o(.text) refers to defsig_rtmem_outer.o(.text) for __rt_SIGRTMEM
    _get_argv_nomalloc.o(.text) refers to sys_command.o(.text) for _sys_command_string
    libshutdown.o(.ARM.Collect$$libshutdown$$00000000) refers (Special) to libshutdown2.o(.ARM.Collect$$libshutdown$$00000006) for __rt_lib_shutdown_fp_trap_1
    libshutdown.o(.ARM.Collect$$libshutdown$$00000000) refers (Special) to libshutdown2.o(.ARM.Collect$$libshutdown$$0000000E) for __rt_lib_shutdown_heap_1
    libshutdown.o(.ARM.Collect$$libshutdown$$00000000) refers (Special) to libshutdown2.o(.ARM.Collect$$libshutdown$$0000000F) for __rt_lib_shutdown_return
    libshutdown.o(.ARM.Collect$$libshutdown$$00000000) refers (Special) to libshutdown2.o(.ARM.Collect$$libshutdown$$00000009) for __rt_lib_shutdown_signal_1
    libshutdown.o(.ARM.Collect$$libshutdown$$00000000) refers (Special) to libshutdown2.o(.ARM.Collect$$libshutdown$$00000003) for __rt_lib_shutdown_stdio_1
    libshutdown.o(.ARM.Collect$$libshutdown$$00000000) refers (Special) to libshutdown2.o(.ARM.Collect$$libshutdown$$0000000B) for __rt_lib_shutdown_user_alloc_1
    sys_command.o(.text) refers (Special) to use_no_semi.o(.text) for __I$use$semihosting
    sys_command.o(.text) refers (Special) to indicate_semi.o(.text) for __semihosting_library_function
    defsig_rtmem_outer.o(.text) refers to defsig_rtmem_inner.o(.text) for __rt_SIGRTMEM_inner
    defsig_rtmem_outer.o(.text) refers to defsig_exit.o(.text) for __sig_exit
    defsig_rtmem_formal.o(.text) refers to rt_raise.o(.text) for __rt_raise
    rt_raise.o(.text) refers to __raise.o(.text) for __raise
    rt_raise.o(.text) refers to usart.o(.text) for _sys_exit
    defsig_exit.o(.text) refers to usart.o(.text) for _sys_exit
    defsig_rtmem_inner.o(.text) refers to defsig_general.o(.text) for __default_signal_display
    __raise.o(.text) refers to defsig.o(CL$$defsig) for __default_signal_handler
    defsig_general.o(.text) refers to sys_wrch.o(.text) for _ttywrch
    sys_wrch.o(.text) refers (Special) to use_no_semi.o(.text) for __I$use$semihosting
    sys_wrch.o(.text) refers (Special) to indicate_semi.o(.text) for __semihosting_library_function
    defsig.o(CL$$defsig) refers to defsig_rtmem_inner.o(.text) for __rt_SIGRTMEM_inner
    defsig_abrt_inner.o(.text) refers to defsig_general.o(.text) for __default_signal_display
    defsig_fpe_inner.o(.text) refers to defsig_general.o(.text) for __default_signal_display
    defsig_rtred_inner.o(.text) refers to defsig_general.o(.text) for __default_signal_display
    defsig_stak_inner.o(.text) refers to defsig_general.o(.text) for __default_signal_display
    defsig_pvfn_inner.o(.text) refers to defsig_general.o(.text) for __default_signal_display
    defsig_cppl_inner.o(.text) refers to defsig_general.o(.text) for __default_signal_display
    defsig_segv_inner.o(.text) refers to defsig_general.o(.text) for __default_signal_display
    defsig_other.o(.text) refers to defsig_general.o(.text) for __default_signal_display


==============================================================================

Removing Unused input sections from the image.

    Removing main.o(.rev16_text), (4 bytes).
    Removing main.o(.revsh_text), (4 bytes).
    Removing stm32f4xx_it.o(.rev16_text), (4 bytes).
    Removing stm32f4xx_it.o(.revsh_text), (4 bytes).
    Removing system_stm32f4xx.o(.rev16_text), (4 bytes).
    Removing system_stm32f4xx.o(.revsh_text), (4 bytes).
    Removing led.o(.rev16_text), (4 bytes).
    Removing led.o(.revsh_text), (4 bytes).
    Removing key.o(.rev16_text), (4 bytes).
    Removing key.o(.revsh_text), (4 bytes).
    Removing beep.o(.rev16_text), (4 bytes).
    Removing beep.o(.revsh_text), (4 bytes).
    Removing delay.o(.rev16_text), (4 bytes).
    Removing delay.o(.revsh_text), (4 bytes).
    Removing usart.o(.rev16_text), (4 bytes).
    Removing usart.o(.revsh_text), (4 bytes).
    Removing sys.o(.rev16_text), (4 bytes).
    Removing sys.o(.revsh_text), (4 bytes).
    Removing os_cpu_c.o(.rev16_text), (4 bytes).
    Removing os_cpu_c.o(.revsh_text), (4 bytes).
    Removing os_cpu_c.o(.data), (4 bytes).
    Removing misc.o(.rev16_text), (4 bytes).
    Removing misc.o(.revsh_text), (4 bytes).
    Removing stm32f4xx_exti.o(.rev16_text), (4 bytes).
    Removing stm32f4xx_exti.o(.revsh_text), (4 bytes).
    Removing stm32f4xx_exti.o(.text), (272 bytes).
    Removing stm32f4xx_gpio.o(.rev16_text), (4 bytes).
    Removing stm32f4xx_gpio.o(.revsh_text), (4 bytes).
    Removing stm32f4xx_rcc.o(.rev16_text), (4 bytes).
    Removing stm32f4xx_rcc.o(.revsh_text), (4 bytes).
    Removing stm32f4xx_tim.o(.rev16_text), (4 bytes).
    Removing stm32f4xx_tim.o(.revsh_text), (4 bytes).
    Removing stm32f4xx_tim.o(.text), (3234 bytes).
    Removing stm32f4xx_usart.o(.rev16_text), (4 bytes).
    Removing stm32f4xx_usart.o(.revsh_text), (4 bytes).
    Removing stm32f4xx_usart.o(.text), (1108 bytes).

36 unused section(s) (total 4746 bytes) removed from the image.

==============================================================================

Image Symbol Table

    Local Symbols

    Symbol Name                              Value     Ov Type        Size  Object(Section)

    ../clib/angel/boardlib.s                 0x00000000   Number         0  boardinit1.o ABSOLUTE
    ../clib/angel/boardlib.s                 0x00000000   Number         0  boardinit2.o ABSOLUTE
    ../clib/angel/boardlib.s                 0x00000000   Number         0  boardinit3.o ABSOLUTE
    ../clib/angel/boardlib.s                 0x00000000   Number         0  boardshut.o ABSOLUTE
    ../clib/angel/handlers.s                 0x00000000   Number         0  __scatter_zi.o ABSOLUTE
    ../clib/angel/handlers.s                 0x00000000   Number         0  __scatter_copy.o ABSOLUTE
    ../clib/angel/kernel.s                   0x00000000   Number         0  rtexit.o ABSOLUTE
    ../clib/angel/kernel.s                   0x00000000   Number         0  rtexit2.o ABSOLUTE
    ../clib/angel/kernel.s                   0x00000000   Number         0  rtentry.o ABSOLUTE
    ../clib/angel/kernel.s                   0x00000000   Number         0  rtentry4.o ABSOLUTE
    ../clib/angel/kernel.s                   0x00000000   Number         0  rtentry2.o ABSOLUTE
    ../clib/angel/rt.s                       0x00000000   Number         0  rt_raise.o ABSOLUTE
    ../clib/angel/scatter.s                  0x00000000   Number         0  __scatter.o ABSOLUTE
    ../clib/angel/startup.s                  0x00000000   Number         0  __main.o ABSOLUTE
    ../clib/angel/sys.s                      0x00000000   Number         0  libspace.o ABSOLUTE
    ../clib/angel/sys.s                      0x00000000   Number         0  indicate_semi.o ABSOLUTE
    ../clib/angel/sys.s                      0x00000000   Number         0  use_no_semi.o ABSOLUTE
    ../clib/angel/sys.s                      0x00000000   Number         0  use_no_semi_2.o ABSOLUTE
    ../clib/angel/sys.s                      0x00000000   Number         0  sys_stackheap_outer.o ABSOLUTE
    ../clib/angel/sysapp.c                   0x00000000   Number         0  sys_wrch.o ABSOLUTE
    ../clib/angel/sysapp.c                   0x00000000   Number         0  sys_command.o ABSOLUTE
    ../clib/armsys.c                         0x00000000   Number         0  argv_veneer.o ABSOLUTE
    ../clib/armsys.c                         0x00000000   Number         0  no_argv.o ABSOLUTE
    ../clib/armsys.c                         0x00000000   Number         0  argv_veneer.o ABSOLUTE
    ../clib/armsys.c                         0x00000000   Number         0  _get_argv_nomalloc.o ABSOLUTE
    ../clib/heapalloc.c                      0x00000000   Number         0  hrguard.o ABSOLUTE
    ../clib/heapaux.c                        0x00000000   Number         0  heapauxi.o ABSOLUTE
    ../clib/libinit.s                        0x00000000   Number         0  libinit.o ABSOLUTE
    ../clib/libinit.s                        0x00000000   Number         0  libinit2.o ABSOLUTE
    ../clib/libinit.s                        0x00000000   Number         0  libshutdown2.o ABSOLUTE
    ../clib/libinit.s                        0x00000000   Number         0  libshutdown.o ABSOLUTE
    ../clib/misc.s                           0x00000000   Number         0  printf_stubs.o ABSOLUTE
    ../clib/printf.c                         0x00000000   Number         0  __printf_ss.o ABSOLUTE
    ../clib/printf.c                         0x00000000   Number         0  _printf_hex_int_ll.o ABSOLUTE
    ../clib/printf.c                         0x00000000   Number         0  _printf_hex_ptr.o ABSOLUTE
    ../clib/printf.c                         0x00000000   Number         0  _printf_hex_int_ptr.o ABSOLUTE
    ../clib/printf.c                         0x00000000   Number         0  _printf_hex_ll_ptr.o ABSOLUTE
    ../clib/printf.c                         0x00000000   Number         0  _printf_hex_int_ll_ptr.o ABSOLUTE
    ../clib/printf.c                         0x00000000   Number         0  __printf_flags.o ABSOLUTE
    ../clib/printf.c                         0x00000000   Number         0  __printf.o ABSOLUTE
    ../clib/printf.c                         0x00000000   Number         0  _printf_str.o ABSOLUTE
    ../clib/printf.c                         0x00000000   Number         0  _printf_intcommon.o ABSOLUTE
    ../clib/printf.c                         0x00000000   Number         0  __printf_flags_ss.o ABSOLUTE
    ../clib/printf.c                         0x00000000   Number         0  __printf_wp.o ABSOLUTE
    ../clib/printf.c                         0x00000000   Number         0  __printf_flags_wp.o ABSOLUTE
    ../clib/printf.c                         0x00000000   Number         0  __printf_ss_wp.o ABSOLUTE
    ../clib/printf.c                         0x00000000   Number         0  __printf_flags_ss_wp.o ABSOLUTE
    ../clib/printf.c                         0x00000000   Number         0  _printf_dec.o ABSOLUTE
    ../clib/printf.c                         0x00000000   Number         0  _printf_hex_ll.o ABSOLUTE
    ../clib/printf.c                         0x00000000   Number         0  _printf_hex_int.o ABSOLUTE
    ../clib/printf.c                         0x00000000   Number         0  __2printf.o ABSOLUTE
    ../clib/printf.c                         0x00000000   Number         0  _printf_char_file.o ABSOLUTE
    ../clib/printf.c                         0x00000000   Number         0  __printf_nopercent.o ABSOLUTE
    ../clib/printf.c                         0x00000000   Number         0  _printf_char_common.o ABSOLUTE
    ../clib/printf.c                         0x00000000   Number         0  noretval__2printf.o ABSOLUTE
    ../clib/printf.c                         0x00000000   Number         0  _printf_char.o ABSOLUTE
    ../clib/printf_percent.s                 0x00000000   Number         0  _printf_percent.o ABSOLUTE
    ../clib/printf_percent.s                 0x00000000   Number         0  _printf_d.o ABSOLUTE
    ../clib/printf_percent.s                 0x00000000   Number         0  _printf_x.o ABSOLUTE
    ../clib/printf_percent.s                 0x00000000   Number         0  _printf_s.o ABSOLUTE
    ../clib/printf_percent.s                 0x00000000   Number         0  _printf_percent_end.o ABSOLUTE
    ../clib/signal.c                         0x00000000   Number         0  defsig_other.o ABSOLUTE
    ../clib/signal.c                         0x00000000   Number         0  defsig_abrt_inner.o ABSOLUTE
    ../clib/signal.c                         0x00000000   Number         0  defsig_general.o ABSOLUTE
    ../clib/signal.c                         0x00000000   Number         0  defsig_rtmem_inner.o ABSOLUTE
    ../clib/signal.c                         0x00000000   Number         0  defsig_rtmem_formal.o ABSOLUTE
    ../clib/signal.c                         0x00000000   Number         0  defsig_fpe_inner.o ABSOLUTE
    ../clib/signal.c                         0x00000000   Number         0  defsig_segv_inner.o ABSOLUTE
    ../clib/signal.c                         0x00000000   Number         0  defsig_pvfn_inner.o ABSOLUTE
    ../clib/signal.c                         0x00000000   Number         0  defsig_stak_inner.o ABSOLUTE
    ../clib/signal.c                         0x00000000   Number         0  defsig_rtred_inner.o ABSOLUTE
    ../clib/signal.c                         0x00000000   Number         0  defsig_exit.o ABSOLUTE
    ../clib/signal.c                         0x00000000   Number         0  defsig_cppl_inner.o ABSOLUTE
    ../clib/signal.c                         0x00000000   Number         0  defsig_rtmem_outer.o ABSOLUTE
    ../clib/signal.c                         0x00000000   Number         0  __raise.o ABSOLUTE
    ../clib/signal.s                         0x00000000   Number         0  defsig.o ABSOLUTE
    ../clib/stdio.c                          0x00000000   Number         0  ferror_locked.o ABSOLUTE
    ../clib/stdio.c                          0x00000000   Number         0  ferror.o ABSOLUTE
    ../clib/stdlib.c                         0x00000000   Number         0  exit.o ABSOLUTE
    ../fplib/fpinit.s                        0x00000000   Number         0  fpinit.o ABSOLUTE
    ..\FWLIB\STM32F4xx_StdPeriph_Driver\src\misc.c 0x00000000   Number         0  misc.o ABSOLUTE
    ..\FWLIB\STM32F4xx_StdPeriph_Driver\src\stm32f4xx_exti.c 0x00000000   Number         0  stm32f4xx_exti.o ABSOLUTE
    ..\FWLIB\STM32F4xx_StdPeriph_Driver\src\stm32f4xx_gpio.c 0x00000000   Number         0  stm32f4xx_gpio.o ABSOLUTE
    ..\FWLIB\STM32F4xx_StdPeriph_Driver\src\stm32f4xx_rcc.c 0x00000000   Number         0  stm32f4xx_rcc.o ABSOLUTE
    ..\FWLIB\STM32F4xx_StdPeriph_Driver\src\stm32f4xx_tim.c 0x00000000   Number         0  stm32f4xx_tim.o ABSOLUTE
    ..\FWLIB\STM32F4xx_StdPeriph_Driver\src\stm32f4xx_usart.c 0x00000000   Number         0  stm32f4xx_usart.o ABSOLUTE
    ..\HARDWARE\BEEP\beep.c                  0x00000000   Number         0  beep.o ABSOLUTE
    ..\HARDWARE\KEY\key.c                    0x00000000   Number         0  key.o ABSOLUTE
    ..\HARDWARE\LED\led.c                    0x00000000   Number         0  led.o ABSOLUTE
    ..\SYSTEM\delay\delay.c                  0x00000000   Number         0  delay.o ABSOLUTE
    ..\SYSTEM\startup_stm32f40_41xxx.s       0x00000000   Number         0  startup_stm32f40_41xxx.o ABSOLUTE
    ..\SYSTEM\sys\sys.c                      0x00000000   Number         0  sys.o ABSOLUTE
    ..\SYSTEM\usart\usart.c                  0x00000000   Number         0  usart.o ABSOLUTE
    ..\UCOSII\CORE\ucos_ii.c                 0x00000000   Number         0  ucos_ii.o ABSOLUTE
    ..\UCOSII\PORT\os_cpu_a.asm              0x00000000   Number         0  os_cpu_a.o ABSOLUTE
    ..\UCOSII\PORT\os_cpu_c.c                0x00000000   Number         0  os_cpu_c.o ABSOLUTE
    ..\\FWLIB\\STM32F4xx_StdPeriph_Driver\\src\\misc.c 0x00000000   Number         0  misc.o ABSOLUTE
    ..\\FWLIB\\STM32F4xx_StdPeriph_Driver\\src\\stm32f4xx_exti.c 0x00000000   Number         0  stm32f4xx_exti.o ABSOLUTE
    ..\\FWLIB\\STM32F4xx_StdPeriph_Driver\\src\\stm32f4xx_gpio.c 0x00000000   Number         0  stm32f4xx_gpio.o ABSOLUTE
    ..\\FWLIB\\STM32F4xx_StdPeriph_Driver\\src\\stm32f4xx_rcc.c 0x00000000   Number         0  stm32f4xx_rcc.o ABSOLUTE
    ..\\FWLIB\\STM32F4xx_StdPeriph_Driver\\src\\stm32f4xx_tim.c 0x00000000   Number         0  stm32f4xx_tim.o ABSOLUTE
    ..\\FWLIB\\STM32F4xx_StdPeriph_Driver\\src\\stm32f4xx_usart.c 0x00000000   Number         0  stm32f4xx_usart.o ABSOLUTE
    ..\\HARDWARE\\BEEP\\beep.c               0x00000000   Number         0  beep.o ABSOLUTE
    ..\\HARDWARE\\KEY\\key.c                 0x00000000   Number         0  key.o ABSOLUTE
    ..\\HARDWARE\\LED\\led.c                 0x00000000   Number         0  led.o ABSOLUTE
    ..\\SYSTEM\\delay\\delay.c               0x00000000   Number         0  delay.o ABSOLUTE
    ..\\SYSTEM\\sys\\sys.c                   0x00000000   Number         0  sys.o ABSOLUTE
    ..\\SYSTEM\\usart\\usart.c               0x00000000   Number         0  usart.o ABSOLUTE
    ..\\UCOSII\\PORT\\os_cpu_c.c             0x00000000   Number         0  os_cpu_c.o ABSOLUTE
    dc.s                                     0x00000000   Number         0  dc.o ABSOLUTE
    main.c                                   0x00000000   Number         0  main.o ABSOLUTE
    main.c                                   0x00000000   Number         0  main.o ABSOLUTE
    stm32f4xx_it.c                           0x00000000   Number         0  stm32f4xx_it.o ABSOLUTE
    stm32f4xx_it.c                           0x00000000   Number         0  stm32f4xx_it.o ABSOLUTE
    system_stm32f4xx.c                       0x00000000   Number         0  system_stm32f4xx.o ABSOLUTE
    system_stm32f4xx.c                       0x00000000   Number         0  system_stm32f4xx.o ABSOLUTE
    RESET                                    0x08000000   Section      392  startup_stm32f40_41xxx.o(RESET)
    !!!main                                  0x08000188   Section        8  __main.o(!!!main)
    !!!scatter                               0x08000190   Section       52  __scatter.o(!!!scatter)
    !!handler_copy                           0x080001c4   Section       26  __scatter_copy.o(!!handler_copy)
    !!handler_zi                             0x080001e0   Section       28  __scatter_zi.o(!!handler_zi)
    .ARM.Collect$$_printf_percent$$00000000  0x080001fc   Section        0  _printf_percent.o(.ARM.Collect$$_printf_percent$$00000000)
    .ARM.Collect$$_printf_percent$$00000009  0x080001fc   Section        6  _printf_d.o(.ARM.Collect$$_printf_percent$$00000009)
    .ARM.Collect$$_printf_percent$$0000000C  0x08000202   Section        6  _printf_x.o(.ARM.Collect$$_printf_percent$$0000000C)
    .ARM.Collect$$_printf_percent$$00000014  0x08000208   Section        6  _printf_s.o(.ARM.Collect$$_printf_percent$$00000014)
    .ARM.Collect$$_printf_percent$$00000017  0x0800020e   Section        4  _printf_percent_end.o(.ARM.Collect$$_printf_percent$$00000017)
    .ARM.Collect$$libinit$$00000000          0x08000212   Section        2  libinit.o(.ARM.Collect$$libinit$$00000000)
    .ARM.Collect$$libinit$$00000001          0x08000214   Section        4  libinit2.o(.ARM.Collect$$libinit$$00000001)
    .ARM.Collect$$libinit$$00000008          0x08000218   Section        0  libinit2.o(.ARM.Collect$$libinit$$00000008)
    .ARM.Collect$$libinit$$0000000A          0x08000218   Section        0  libinit2.o(.ARM.Collect$$libinit$$0000000A)
    .ARM.Collect$$libinit$$0000000C          0x08000218   Section        0  libinit2.o(.ARM.Collect$$libinit$$0000000C)
    .ARM.Collect$$libinit$$0000000F          0x08000218   Section        0  libinit2.o(.ARM.Collect$$libinit$$0000000F)
    .ARM.Collect$$libinit$$00000011          0x08000218   Section        0  libinit2.o(.ARM.Collect$$libinit$$00000011)
    .ARM.Collect$$libinit$$00000013          0x08000218   Section        0  libinit2.o(.ARM.Collect$$libinit$$00000013)
    .ARM.Collect$$libinit$$00000015          0x08000218   Section        0  libinit2.o(.ARM.Collect$$libinit$$00000015)
    .ARM.Collect$$libinit$$00000017          0x08000218   Section        0  libinit2.o(.ARM.Collect$$libinit$$00000017)
    .ARM.Collect$$libinit$$00000019          0x08000218   Section        0  libinit2.o(.ARM.Collect$$libinit$$00000019)
    .ARM.Collect$$libinit$$0000001B          0x08000218   Section        0  libinit2.o(.ARM.Collect$$libinit$$0000001B)
    .ARM.Collect$$libinit$$0000001D          0x08000218   Section        0  libinit2.o(.ARM.Collect$$libinit$$0000001D)
    .ARM.Collect$$libinit$$0000001F          0x08000218   Section        0  libinit2.o(.ARM.Collect$$libinit$$0000001F)
    .ARM.Collect$$libinit$$00000021          0x08000218   Section        0  libinit2.o(.ARM.Collect$$libinit$$00000021)
    .ARM.Collect$$libinit$$00000023          0x08000218   Section        0  libinit2.o(.ARM.Collect$$libinit$$00000023)
    .ARM.Collect$$libinit$$0000002A          0x08000218   Section        0  libinit2.o(.ARM.Collect$$libinit$$0000002A)
    .ARM.Collect$$libinit$$0000002C          0x08000218   Section        0  libinit2.o(.ARM.Collect$$libinit$$0000002C)
    .ARM.Collect$$libinit$$0000002E          0x08000218   Section        0  libinit2.o(.ARM.Collect$$libinit$$0000002E)
    .ARM.Collect$$libinit$$00000030          0x08000218   Section        0  libinit2.o(.ARM.Collect$$libinit$$00000030)
    .ARM.Collect$$libinit$$00000031          0x08000218   Section        2  libinit2.o(.ARM.Collect$$libinit$$00000031)
    .ARM.Collect$$libshutdown$$00000000      0x0800021a   Section        2  libshutdown.o(.ARM.Collect$$libshutdown$$00000000)
    .ARM.Collect$$libshutdown$$00000003      0x0800021c   Section        0  libshutdown2.o(.ARM.Collect$$libshutdown$$00000003)
    .ARM.Collect$$libshutdown$$00000006      0x0800021c   Section        0  libshutdown2.o(.ARM.Collect$$libshutdown$$00000006)
    .ARM.Collect$$libshutdown$$00000009      0x0800021c   Section        0  libshutdown2.o(.ARM.Collect$$libshutdown$$00000009)
    .ARM.Collect$$libshutdown$$0000000B      0x0800021c   Section        0  libshutdown2.o(.ARM.Collect$$libshutdown$$0000000B)
    .ARM.Collect$$libshutdown$$0000000E      0x0800021c   Section        0  libshutdown2.o(.ARM.Collect$$libshutdown$$0000000E)
    .ARM.Collect$$libshutdown$$0000000F      0x0800021c   Section        2  libshutdown2.o(.ARM.Collect$$libshutdown$$0000000F)
    .ARM.Collect$$rtentry$$00000000          0x0800021e   Section        0  rtentry.o(.ARM.Collect$$rtentry$$00000000)
    .ARM.Collect$$rtentry$$00000002          0x0800021e   Section        0  rtentry2.o(.ARM.Collect$$rtentry$$00000002)
    .ARM.Collect$$rtentry$$00000004          0x0800021e   Section        6  rtentry4.o(.ARM.Collect$$rtentry$$00000004)
    .ARM.Collect$$rtentry$$00000009          0x08000224   Section        0  rtentry2.o(.ARM.Collect$$rtentry$$00000009)
    .ARM.Collect$$rtentry$$0000000A          0x08000224   Section        4  rtentry2.o(.ARM.Collect$$rtentry$$0000000A)
    .ARM.Collect$$rtentry$$0000000C          0x08000228   Section        0  rtentry2.o(.ARM.Collect$$rtentry$$0000000C)
    .ARM.Collect$$rtentry$$0000000D          0x08000228   Section        8  rtentry2.o(.ARM.Collect$$rtentry$$0000000D)
    .ARM.Collect$$rtexit$$00000000           0x08000230   Section        2  rtexit.o(.ARM.Collect$$rtexit$$00000000)
    .ARM.Collect$$rtexit$$00000002           0x08000232   Section        0  rtexit2.o(.ARM.Collect$$rtexit$$00000002)
    .ARM.Collect$$rtexit$$00000003           0x08000232   Section        4  rtexit2.o(.ARM.Collect$$rtexit$$00000003)
    .ARM.Collect$$rtexit$$00000004           0x08000236   Section        6  rtexit2.o(.ARM.Collect$$rtexit$$00000004)
    .emb_text                                0x0800023c   Section       16  sys.o(.emb_text)
    $v0                                      0x0800023c   Number         0  sys.o(.emb_text)
    .text                                    0x0800024c   Section       64  startup_stm32f40_41xxx.o(.text)
    $v0                                      0x0800024c   Number         0  startup_stm32f40_41xxx.o(.text)
    .text                                    0x0800028c   Section        0  main.o(.text)
    .text                                    0x08000474   Section        0  stm32f4xx_it.o(.text)
    .text                                    0x0800048c   Section        0  system_stm32f4xx.o(.text)
    SetSysClock                              0x0800048d   Thumb Code   220  system_stm32f4xx.o(.text)
    .text                                    0x0800069c   Section        0  led.o(.text)
    .text                                    0x080006dc   Section        0  key.o(.text)
    .text                                    0x080007cc   Section        0  beep.o(.text)
    .text                                    0x08000804   Section        0  delay.o(.text)
    .text                                    0x08000918   Section        0  usart.o(.text)
    .text                                    0x08000abc   Section        0  sys.o(.text)
    .text                                    0x08000f14   Section        0  os_cpu_c.o(.text)
    .text                                    0x080010d8   Section      200  os_cpu_a.o(.text)
    $v0                                      0x080010d8   Number         0  os_cpu_a.o(.text)
    .text                                    0x080011a0   Section        0  ucos_ii.o(.text)
    OS_SchedNew                              0x08001219   Thumb Code    26  ucos_ii.o(.text)
    OS_InitTaskStat                          0x0800170d   Thumb Code    52  ucos_ii.o(.text)
    OS_InitTaskIdle                          0x08001763   Thumb Code    52  ucos_ii.o(.text)
    OS_InitEventList                         0x08001837   Thumb Code    74  ucos_ii.o(.text)
    OS_InitTCBList                           0x08001881   Thumb Code   110  ucos_ii.o(.text)
    OS_InitRdyList                           0x080018ef   Thumb Code    44  ucos_ii.o(.text)
    OS_InitMisc                              0x0800191b   Thumb Code    44  ucos_ii.o(.text)
    OS_FlagTaskRdy                           0x08001f7b   Thumb Code    82  ucos_ii.o(.text)
    OS_FlagBlock                             0x08002167   Thumb Code   152  ucos_ii.o(.text)
    OSMutex_RdyAtPrio                        0x08002b37   Thumb Code   148  ucos_ii.o(.text)
    .text                                    0x080041a0   Section        0  misc.o(.text)
    .text                                    0x08004280   Section        0  stm32f4xx_gpio.o(.text)
    .text                                    0x08004514   Section        0  stm32f4xx_rcc.o(.text)
    .text                                    0x08004b70   Section        2  use_no_semi_2.o(.text)
    .text                                    0x08004b74   Section        0  noretval__2printf.o(.text)
    .text                                    0x08004b8c   Section        0  _printf_str.o(.text)
    .text                                    0x08004be0   Section        0  _printf_dec.o(.text)
    .text                                    0x08004c54   Section        0  _printf_hex_int.o(.text)
    .text                                    0x08004cac   Section        0  __printf_flags.o(.text)
    .text                                    0x08004d40   Section        0  heapauxi.o(.text)
    .text                                    0x08004d46   Section        2  use_no_semi.o(.text)
    .text                                    0x08004d48   Section        0  _printf_intcommon.o(.text)
    .text                                    0x08004dfa   Section        0  _printf_char.o(.text)
    .text                                    0x08004e28   Section        0  _printf_char_file.o(.text)
    .text                                    0x08004e4c   Section        0  _printf_char_common.o(.text)
    _printf_input_char                       0x08004e4d   Thumb Code    10  _printf_char_common.o(.text)
    .text                                    0x08004e7c   Section        0  ferror.o(.text)
    .text                                    0x08004e84   Section       74  sys_stackheap_outer.o(.text)
    .text                                    0x08004ece   Section        0  exit.o(.text)
    .text                                    0x08004edc   Section        8  libspace.o(.text)
    x$fpl$fpinit                             0x08004ee4   Section       10  fpinit.o(x$fpl$fpinit)
    $v0                                      0x08004ee4   Number         0  fpinit.o(x$fpl$fpinit)
    .constdata                               0x08004eee   Section      256  ucos_ii.o(.constdata)
    .constdata                               0x08004fee   Section       40  _printf_hex_int.o(.constdata)
    uc_hextab                                0x08004fee   Data          20  _printf_hex_int.o(.constdata)
    lc_hextab                                0x08005002   Data          20  _printf_hex_int.o(.constdata)
    .constdata                               0x08005016   Section       17  __printf_flags.o(.constdata)
    maptable                                 0x08005016   Data          17  __printf_flags.o(.constdata)
    .data                                    0x20000000   Section        8  main.o(.data)
    .data                                    0x20000008   Section       20  system_stm32f4xx.o(.data)
    .data                                    0x2000001c   Section        1  key.o(.data)
    key_up                                   0x2000001c   Data           1  key.o(.data)
    .data                                    0x2000001e   Section        4  delay.o(.data)
    fac_us                                   0x2000001e   Data           1  delay.o(.data)
    fac_ms                                   0x20000020   Data           2  delay.o(.data)
    .data                                    0x20000024   Section        6  usart.o(.data)
    .data                                    0x2000002c   Section       72  ucos_ii.o(.data)
    .data                                    0x20000074   Section       16  stm32f4xx_rcc.o(.data)
    APBAHBPrescTable                         0x20000074   Data          16  stm32f4xx_rcc.o(.data)
    .bss                                     0x20000084   Section     1536  main.o(.bss)
    .bss                                     0x20000684   Section      200  usart.o(.bss)
    .bss                                     0x2000074c   Section     2688  ucos_ii.o(.bss)
    .bss                                     0x200011cc   Section       96  libspace.o(.bss)
    HEAP                                     0x20001230   Section      512  startup_stm32f40_41xxx.o(HEAP)
    Heap_Mem                                 0x20001230   Data         512  startup_stm32f40_41xxx.o(HEAP)
    STACK                                    0x20001430   Section     1024  startup_stm32f40_41xxx.o(STACK)
    Stack_Mem                                0x20001430   Data        1024  startup_stm32f40_41xxx.o(STACK)
    __initial_sp                             0x20001830   Data           0  startup_stm32f40_41xxx.o(STACK)

    Global Symbols

    Symbol Name                              Value     Ov Type        Size  Object(Section)

    BuildAttributes$$THM_ISAv4$E$P$D$K$B$S$7EM$VFPi3$EXTD16$VFPS$VFMA$PE$A:L22UL41UL21$X:L11$S22US41US21$IEEE1$IW$USESV6$~STKCKD$USESV7$~SHL$OSPACE$ROPI$EBA8$UX$STANDARDLIB$REQ8$PRES8$EABIv2 0x00000000   Number         0  anon$$obj.o ABSOLUTE
    __ARM_use_no_argv                        0x00000000   Number         0  main.o ABSOLUTE
    _printf_flags                            0x00000000   Number         0  printf_stubs.o ABSOLUTE
    _printf_return_value                     0x00000000   Number         0  printf_stubs.o ABSOLUTE
    _printf_sizespec                         0x00000000   Number         0  printf_stubs.o ABSOLUTE
    _printf_widthprec                        0x00000000   Number         0  printf_stubs.o ABSOLUTE
    __ARM_exceptions_init                     - Undefined Weak Reference
    __alloca_initialize                       - Undefined Weak Reference
    __cpp_initialize__aeabi_                  - Undefined Weak Reference
    __cxa_finalize                            - Undefined Weak Reference
    __rt_locale                               - Undefined Weak Reference
    __sigvec_lookup                           - Undefined Weak Reference
    _atexit_init                              - Undefined Weak Reference
    _call_atexit_fns                          - Undefined Weak Reference
    _clock_init                               - Undefined Weak Reference
    _fp_trap_init                             - Undefined Weak Reference
    _fp_trap_shutdown                         - Undefined Weak Reference
    _get_lc_collate                           - Undefined Weak Reference
    _get_lc_ctype                             - Undefined Weak Reference
    _get_lc_monetary                          - Undefined Weak Reference
    _get_lc_numeric                           - Undefined Weak Reference
    _get_lc_time                              - Undefined Weak Reference
    _getenv_init                              - Undefined Weak Reference
    _handle_redirection                       - Undefined Weak Reference
    _init_alloc                               - Undefined Weak Reference
    _init_user_alloc                          - Undefined Weak Reference
    _initio                                   - Undefined Weak Reference
    _mutex_acquire                            - Undefined Weak Reference
    _mutex_release                            - Undefined Weak Reference
    _printf_mbtowc                            - Undefined Weak Reference
    _printf_post_padding                      - Undefined Weak Reference
    _printf_pre_padding                       - Undefined Weak Reference
    _printf_truncate_signed                   - Undefined Weak Reference
    _printf_truncate_unsigned                 - Undefined Weak Reference
    _rand_init                                - Undefined Weak Reference
    _signal_finish                            - Undefined Weak Reference
    _signal_init                              - Undefined Weak Reference
    _terminate_alloc                          - Undefined Weak Reference
    _terminate_user_alloc                     - Undefined Weak Reference
    _terminateio                              - Undefined Weak Reference
    __Vectors_Size                           0x00000188   Number         0  startup_stm32f40_41xxx.o ABSOLUTE
    __Vectors                                0x08000000   Data           4  startup_stm32f40_41xxx.o(RESET)
    __Vectors_End                            0x08000188   Data           0  startup_stm32f40_41xxx.o(RESET)
    __main                                   0x08000189   Thumb Code     8  __main.o(!!!main)
    __scatterload                            0x08000191   Thumb Code     0  __scatter.o(!!!scatter)
    __scatterload_rt2                        0x08000191   Thumb Code    44  __scatter.o(!!!scatter)
    __scatterload_rt2_thumb_only             0x08000191   Thumb Code     0  __scatter.o(!!!scatter)
    __scatterload_null                       0x0800019f   Thumb Code     0  __scatter.o(!!!scatter)
    __scatterload_copy                       0x080001c5   Thumb Code    26  __scatter_copy.o(!!handler_copy)
    __scatterload_zeroinit                   0x080001e1   Thumb Code    28  __scatter_zi.o(!!handler_zi)
    _printf_d                                0x080001fd   Thumb Code     0  _printf_d.o(.ARM.Collect$$_printf_percent$$00000009)
    _printf_percent                          0x080001fd   Thumb Code     0  _printf_percent.o(.ARM.Collect$$_printf_percent$$00000000)
    _printf_x                                0x08000203   Thumb Code     0  _printf_x.o(.ARM.Collect$$_printf_percent$$0000000C)
    _printf_s                                0x08000209   Thumb Code     0  _printf_s.o(.ARM.Collect$$_printf_percent$$00000014)
    _printf_percent_end                      0x0800020f   Thumb Code     0  _printf_percent_end.o(.ARM.Collect$$_printf_percent$$00000017)
    __rt_lib_init                            0x08000213   Thumb Code     0  libinit.o(.ARM.Collect$$libinit$$00000000)
    __rt_lib_init_fp_1                       0x08000215   Thumb Code     0  libinit2.o(.ARM.Collect$$libinit$$00000001)
    __rt_lib_init_alloca_1                   0x08000219   Thumb Code     0  libinit2.o(.ARM.Collect$$libinit$$0000002C)
    __rt_lib_init_argv_1                     0x08000219   Thumb Code     0  libinit2.o(.ARM.Collect$$libinit$$0000002A)
    __rt_lib_init_atexit_1                   0x08000219   Thumb Code     0  libinit2.o(.ARM.Collect$$libinit$$00000019)
    __rt_lib_init_clock_1                    0x08000219   Thumb Code     0  libinit2.o(.ARM.Collect$$libinit$$0000001F)
    __rt_lib_init_cpp_1                      0x08000219   Thumb Code     0  libinit2.o(.ARM.Collect$$libinit$$00000030)
    __rt_lib_init_exceptions_1               0x08000219   Thumb Code     0  libinit2.o(.ARM.Collect$$libinit$$0000002E)
    __rt_lib_init_fp_trap_1                  0x08000219   Thumb Code     0  libinit2.o(.ARM.Collect$$libinit$$0000001D)
    __rt_lib_init_getenv_1                   0x08000219   Thumb Code     0  libinit2.o(.ARM.Collect$$libinit$$00000021)
    __rt_lib_init_heap_1                     0x08000219   Thumb Code     0  libinit2.o(.ARM.Collect$$libinit$$00000008)
    __rt_lib_init_lc_collate_1               0x08000219   Thumb Code     0  libinit2.o(.ARM.Collect$$libinit$$0000000F)
    __rt_lib_init_lc_ctype_1                 0x08000219   Thumb Code     0  libinit2.o(.ARM.Collect$$libinit$$00000011)
    __rt_lib_init_lc_monetary_1              0x08000219   Thumb Code     0  libinit2.o(.ARM.Collect$$libinit$$00000013)
    __rt_lib_init_lc_numeric_1               0x08000219   Thumb Code     0  libinit2.o(.ARM.Collect$$libinit$$00000015)
    __rt_lib_init_lc_time_1                  0x08000219   Thumb Code     0  libinit2.o(.ARM.Collect$$libinit$$00000017)
    __rt_lib_init_rand_1                     0x08000219   Thumb Code     0  libinit2.o(.ARM.Collect$$libinit$$0000000C)
    __rt_lib_init_return                     0x08000219   Thumb Code     0  libinit2.o(.ARM.Collect$$libinit$$00000031)
    __rt_lib_init_signal_1                   0x08000219   Thumb Code     0  libinit2.o(.ARM.Collect$$libinit$$0000001B)
    __rt_lib_init_stdio_1                    0x08000219   Thumb Code     0  libinit2.o(.ARM.Collect$$libinit$$00000023)
    __rt_lib_init_user_alloc_1               0x08000219   Thumb Code     0  libinit2.o(.ARM.Collect$$libinit$$0000000A)
    __rt_lib_shutdown                        0x0800021b   Thumb Code     0  libshutdown.o(.ARM.Collect$$libshutdown$$00000000)
    __rt_lib_shutdown_fp_trap_1              0x0800021d   Thumb Code     0  libshutdown2.o(.ARM.Collect$$libshutdown$$00000006)
    __rt_lib_shutdown_heap_1                 0x0800021d   Thumb Code     0  libshutdown2.o(.ARM.Collect$$libshutdown$$0000000E)
    __rt_lib_shutdown_return                 0x0800021d   Thumb Code     0  libshutdown2.o(.ARM.Collect$$libshutdown$$0000000F)
    __rt_lib_shutdown_signal_1               0x0800021d   Thumb Code     0  libshutdown2.o(.ARM.Collect$$libshutdown$$00000009)
    __rt_lib_shutdown_stdio_1                0x0800021d   Thumb Code     0  libshutdown2.o(.ARM.Collect$$libshutdown$$00000003)
    __rt_lib_shutdown_user_alloc_1           0x0800021d   Thumb Code     0  libshutdown2.o(.ARM.Collect$$libshutdown$$0000000B)
    __rt_entry                               0x0800021f   Thumb Code     0  rtentry.o(.ARM.Collect$$rtentry$$00000000)
    __rt_entry_presh_1                       0x0800021f   Thumb Code     0  rtentry2.o(.ARM.Collect$$rtentry$$00000002)
    __rt_entry_sh                            0x0800021f   Thumb Code     0  rtentry4.o(.ARM.Collect$$rtentry$$00000004)
    __rt_entry_li                            0x08000225   Thumb Code     0  rtentry2.o(.ARM.Collect$$rtentry$$0000000A)
    __rt_entry_postsh_1                      0x08000225   Thumb Code     0  rtentry2.o(.ARM.Collect$$rtentry$$00000009)
    __rt_entry_main                          0x08000229   Thumb Code     0  rtentry2.o(.ARM.Collect$$rtentry$$0000000D)
    __rt_entry_postli_1                      0x08000229   Thumb Code     0  rtentry2.o(.ARM.Collect$$rtentry$$0000000C)
    __rt_exit                                0x08000231   Thumb Code     0  rtexit.o(.ARM.Collect$$rtexit$$00000000)
    __rt_exit_ls                             0x08000233   Thumb Code     0  rtexit2.o(.ARM.Collect$$rtexit$$00000003)
    __rt_exit_prels_1                        0x08000233   Thumb Code     0  rtexit2.o(.ARM.Collect$$rtexit$$00000002)
    __rt_exit_exit                           0x08000237   Thumb Code     0  rtexit2.o(.ARM.Collect$$rtexit$$00000004)
    WFI_SET                                  0x0800023d   Thumb Code     2  sys.o(.emb_text)
    INTX_DISABLE                             0x0800023f   Thumb Code     4  sys.o(.emb_text)
    INTX_ENABLE                              0x08000243   Thumb Code     4  sys.o(.emb_text)
    MSR_MSP                                  0x08000247   Thumb Code     6  sys.o(.emb_text)
    Reset_Handler                            0x0800024d   Thumb Code     8  startup_stm32f40_41xxx.o(.text)
    ADC_IRQHandler                           0x08000267   Thumb Code     0  startup_stm32f40_41xxx.o(.text)
    CAN1_RX0_IRQHandler                      0x08000267   Thumb Code     0  startup_stm32f40_41xxx.o(.text)
    CAN1_RX1_IRQHandler                      0x08000267   Thumb Code     0  startup_stm32f40_41xxx.o(.text)
    CAN1_SCE_IRQHandler                      0x08000267   Thumb Code     0  startup_stm32f40_41xxx.o(.text)
    CAN1_TX_IRQHandler                       0x08000267   Thumb Code     0  startup_stm32f40_41xxx.o(.text)
    CAN2_RX0_IRQHandler                      0x08000267   Thumb Code     0  startup_stm32f40_41xxx.o(.text)
    CAN2_RX1_IRQHandler                      0x08000267   Thumb Code     0  startup_stm32f40_41xxx.o(.text)
    CAN2_SCE_IRQHandler                      0x08000267   Thumb Code     0  startup_stm32f40_41xxx.o(.text)
    CAN2_TX_IRQHandler                       0x08000267   Thumb Code     0  startup_stm32f40_41xxx.o(.text)
    CRYP_IRQHandler                          0x08000267   Thumb Code     0  startup_stm32f40_41xxx.o(.text)
    DCMI_IRQHandler                          0x08000267   Thumb Code     0  startup_stm32f40_41xxx.o(.text)
    DMA1_Stream0_IRQHandler                  0x08000267   Thumb Code     0  startup_stm32f40_41xxx.o(.text)
    DMA1_Stream1_IRQHandler                  0x08000267   Thumb Code     0  startup_stm32f40_41xxx.o(.text)
    DMA1_Stream2_IRQHandler                  0x08000267   Thumb Code     0  startup_stm32f40_41xxx.o(.text)
    DMA1_Stream3_IRQHandler                  0x08000267   Thumb Code     0  startup_stm32f40_41xxx.o(.text)
    DMA1_Stream4_IRQHandler                  0x08000267   Thumb Code     0  startup_stm32f40_41xxx.o(.text)
    DMA1_Stream5_IRQHandler                  0x08000267   Thumb Code     0  startup_stm32f40_41xxx.o(.text)
    DMA1_Stream6_IRQHandler                  0x08000267   Thumb Code     0  startup_stm32f40_41xxx.o(.text)
    DMA1_Stream7_IRQHandler                  0x08000267   Thumb Code     0  startup_stm32f40_41xxx.o(.text)
    DMA2_Stream0_IRQHandler                  0x08000267   Thumb Code     0  startup_stm32f40_41xxx.o(.text)
    DMA2_Stream1_IRQHandler                  0x08000267   Thumb Code     0  startup_stm32f40_41xxx.o(.text)
    DMA2_Stream2_IRQHandler                  0x08000267   Thumb Code     0  startup_stm32f40_41xxx.o(.text)
    DMA2_Stream3_IRQHandler                  0x08000267   Thumb Code     0  startup_stm32f40_41xxx.o(.text)
    DMA2_Stream4_IRQHandler                  0x08000267   Thumb Code     0  startup_stm32f40_41xxx.o(.text)
    DMA2_Stream5_IRQHandler                  0x08000267   Thumb Code     0  startup_stm32f40_41xxx.o(.text)
    DMA2_Stream6_IRQHandler                  0x08000267   Thumb Code     0  startup_stm32f40_41xxx.o(.text)
    DMA2_Stream7_IRQHandler                  0x08000267   Thumb Code     0  startup_stm32f40_41xxx.o(.text)
    ETH_IRQHandler                           0x08000267   Thumb Code     0  startup_stm32f40_41xxx.o(.text)
    ETH_WKUP_IRQHandler                      0x08000267   Thumb Code     0  startup_stm32f40_41xxx.o(.text)
    EXTI0_IRQHandler                         0x08000267   Thumb Code     0  startup_stm32f40_41xxx.o(.text)
    EXTI15_10_IRQHandler                     0x08000267   Thumb Code     0  startup_stm32f40_41xxx.o(.text)
    EXTI1_IRQHandler                         0x08000267   Thumb Code     0  startup_stm32f40_41xxx.o(.text)
    EXTI2_IRQHandler                         0x08000267   Thumb Code     0  startup_stm32f40_41xxx.o(.text)
    EXTI3_IRQHandler                         0x08000267   Thumb Code     0  startup_stm32f40_41xxx.o(.text)
    EXTI4_IRQHandler                         0x08000267   Thumb Code     0  startup_stm32f40_41xxx.o(.text)
    EXTI9_5_IRQHandler                       0x08000267   Thumb Code     0  startup_stm32f40_41xxx.o(.text)
    FLASH_IRQHandler                         0x08000267   Thumb Code     0  startup_stm32f40_41xxx.o(.text)
    FPU_IRQHandler                           0x08000267   Thumb Code     0  startup_stm32f40_41xxx.o(.text)
    FSMC_IRQHandler                          0x08000267   Thumb Code     0  startup_stm32f40_41xxx.o(.text)
    HASH_RNG_IRQHandler                      0x08000267   Thumb Code     0  startup_stm32f40_41xxx.o(.text)
    I2C1_ER_IRQHandler                       0x08000267   Thumb Code     0  startup_stm32f40_41xxx.o(.text)
    I2C1_EV_IRQHandler                       0x08000267   Thumb Code     0  startup_stm32f40_41xxx.o(.text)
    I2C2_ER_IRQHandler                       0x08000267   Thumb Code     0  startup_stm32f40_41xxx.o(.text)
    I2C2_EV_IRQHandler                       0x08000267   Thumb Code     0  startup_stm32f40_41xxx.o(.text)
    I2C3_ER_IRQHandler                       0x08000267   Thumb Code     0  startup_stm32f40_41xxx.o(.text)
    I2C3_EV_IRQHandler                       0x08000267   Thumb Code     0  startup_stm32f40_41xxx.o(.text)
    OTG_FS_IRQHandler                        0x08000267   Thumb Code     0  startup_stm32f40_41xxx.o(.text)
    OTG_FS_WKUP_IRQHandler                   0x08000267   Thumb Code     0  startup_stm32f40_41xxx.o(.text)
    OTG_HS_EP1_IN_IRQHandler                 0x08000267   Thumb Code     0  startup_stm32f40_41xxx.o(.text)
    OTG_HS_EP1_OUT_IRQHandler                0x08000267   Thumb Code     0  startup_stm32f40_41xxx.o(.text)
    OTG_HS_IRQHandler                        0x08000267   Thumb Code     0  startup_stm32f40_41xxx.o(.text)
    OTG_HS_WKUP_IRQHandler                   0x08000267   Thumb Code     0  startup_stm32f40_41xxx.o(.text)
    PVD_IRQHandler                           0x08000267   Thumb Code     0  startup_stm32f40_41xxx.o(.text)
    RCC_IRQHandler                           0x08000267   Thumb Code     0  startup_stm32f40_41xxx.o(.text)
    RTC_Alarm_IRQHandler                     0x08000267   Thumb Code     0  startup_stm32f40_41xxx.o(.text)
    RTC_WKUP_IRQHandler                      0x08000267   Thumb Code     0  startup_stm32f40_41xxx.o(.text)
    SDIO_IRQHandler                          0x08000267   Thumb Code     0  startup_stm32f40_41xxx.o(.text)
    SPI1_IRQHandler                          0x08000267   Thumb Code     0  startup_stm32f40_41xxx.o(.text)
    SPI2_IRQHandler                          0x08000267   Thumb Code     0  startup_stm32f40_41xxx.o(.text)
    SPI3_IRQHandler                          0x08000267   Thumb Code     0  startup_stm32f40_41xxx.o(.text)
    TAMP_STAMP_IRQHandler                    0x08000267   Thumb Code     0  startup_stm32f40_41xxx.o(.text)
    TIM1_BRK_TIM9_IRQHandler                 0x08000267   Thumb Code     0  startup_stm32f40_41xxx.o(.text)
    TIM1_CC_IRQHandler                       0x08000267   Thumb Code     0  startup_stm32f40_41xxx.o(.text)
    TIM1_TRG_COM_TIM11_IRQHandler            0x08000267   Thumb Code     0  startup_stm32f40_41xxx.o(.text)
    TIM1_UP_TIM10_IRQHandler                 0x08000267   Thumb Code     0  startup_stm32f40_41xxx.o(.text)
    TIM2_IRQHandler                          0x08000267   Thumb Code     0  startup_stm32f40_41xxx.o(.text)
    TIM3_IRQHandler                          0x08000267   Thumb Code     0  startup_stm32f40_41xxx.o(.text)
    TIM4_IRQHandler                          0x08000267   Thumb Code     0  startup_stm32f40_41xxx.o(.text)
    TIM5_IRQHandler                          0x08000267   Thumb Code     0  startup_stm32f40_41xxx.o(.text)
    TIM6_DAC_IRQHandler                      0x08000267   Thumb Code     0  startup_stm32f40_41xxx.o(.text)
    TIM7_IRQHandler                          0x08000267   Thumb Code     0  startup_stm32f40_41xxx.o(.text)
    TIM8_BRK_TIM12_IRQHandler                0x08000267   Thumb Code     0  startup_stm32f40_41xxx.o(.text)
    TIM8_CC_IRQHandler                       0x08000267   Thumb Code     0  startup_stm32f40_41xxx.o(.text)
    TIM8_TRG_COM_TIM14_IRQHandler            0x08000267   Thumb Code     0  startup_stm32f40_41xxx.o(.text)
    TIM8_UP_TIM13_IRQHandler                 0x08000267   Thumb Code     0  startup_stm32f40_41xxx.o(.text)
    UART4_IRQHandler                         0x08000267   Thumb Code     0  startup_stm32f40_41xxx.o(.text)
    UART5_IRQHandler                         0x08000267   Thumb Code     0  startup_stm32f40_41xxx.o(.text)
    USART2_IRQHandler                        0x08000267   Thumb Code     0  startup_stm32f40_41xxx.o(.text)
    USART3_IRQHandler                        0x08000267   Thumb Code     0  startup_stm32f40_41xxx.o(.text)
    USART6_IRQHandler                        0x08000267   Thumb Code     0  startup_stm32f40_41xxx.o(.text)
    WWDG_IRQHandler                          0x08000267   Thumb Code     0  startup_stm32f40_41xxx.o(.text)
    __user_initial_stackheap                 0x08000269   Thumb Code     0  startup_stm32f40_41xxx.o(.text)
    key_task                                 0x0800028d   Thumb Code    98  main.o(.text)
    led1_task                                0x080002ef   Thumb Code    54  main.o(.text)
    led0_task                                0x08000325   Thumb Code    52  main.o(.text)
    start_task                               0x08000359   Thumb Code    94  main.o(.text)
    main                                     0x080003b7   Thumb Code    64  main.o(.text)
    NMI_Handler                              0x08000475   Thumb Code     2  stm32f4xx_it.o(.text)
    HardFault_Handler                        0x08000477   Thumb Code     4  stm32f4xx_it.o(.text)
    MemManage_Handler                        0x0800047b   Thumb Code     4  stm32f4xx_it.o(.text)
    BusFault_Handler                         0x0800047f   Thumb Code     4  stm32f4xx_it.o(.text)
    UsageFault_Handler                       0x08000483   Thumb Code     4  stm32f4xx_it.o(.text)
    SVC_Handler                              0x08000487   Thumb Code     2  stm32f4xx_it.o(.text)
    DebugMon_Handler                         0x08000489   Thumb Code     2  stm32f4xx_it.o(.text)
    SystemInit                               0x08000569   Thumb Code    88  system_stm32f4xx.o(.text)
    SystemCoreClockUpdate                    0x080005c1   Thumb Code   174  system_stm32f4xx.o(.text)
    LED_Init                                 0x0800069d   Thumb Code    58  led.o(.text)
    KEY_Init                                 0x080006dd   Thumb Code    66  key.o(.text)
    KEY_Scan                                 0x0800071f   Thumb Code   150  key.o(.text)
    BEEP_Init                                0x080007cd   Thumb Code    42  beep.o(.text)
    SysTick_Handler                          0x08000805   Thumb Code    16  delay.o(.text)
    delay_init                               0x08000815   Thumb Code    82  delay.o(.text)
    delay_us                                 0x08000867   Thumb Code    92  delay.o(.text)
    delay_ms                                 0x080008c3   Thumb Code    68  delay.o(.text)
    _sys_exit                                0x08000919   Thumb Code     6  usart.o(.text)
    fputc                                    0x0800091f   Thumb Code    22  usart.o(.text)
    USART1_IRQHandler                        0x08000935   Thumb Code   126  usart.o(.text)
    uart_init                                0x080009b3   Thumb Code   240  usart.o(.text)
    MY_NVIC_SetVectorTable                   0x08000abd   Thumb Code    12  sys.o(.text)
    MY_NVIC_PriorityGroupConfig              0x08000ac9   Thumb Code    36  sys.o(.text)
    MY_NVIC_Init                             0x08000aed   Thumb Code   116  sys.o(.text)
    Ex_NVIC_Config                           0x08000b61   Thumb Code   168  sys.o(.text)
    GPIO_AF_Set                              0x08000c09   Thumb Code    64  sys.o(.text)
    GPIO_Set                                 0x08000c49   Thumb Code   222  sys.o(.text)
    Sys_Standby                              0x08000d27   Thumb Code    72  sys.o(.text)
    Sys_Soft_Reset                           0x08000d6f   Thumb Code    12  sys.o(.text)
    Sys_Clock_Set                            0x08000d7b   Thumb Code   266  sys.o(.text)
    Stm32_Clock_Init                         0x08000e85   Thumb Code   138  sys.o(.text)
    OSInitHookBegin                          0x08000f15   Thumb Code     2  os_cpu_c.o(.text)
    OSInitHookEnd                            0x08000f17   Thumb Code     2  os_cpu_c.o(.text)
    OSTaskCreateHook                         0x08000f19   Thumb Code     2  os_cpu_c.o(.text)
    OSTaskDelHook                            0x08000f1b   Thumb Code     2  os_cpu_c.o(.text)
    OSTaskIdleHook                           0x08000f1d   Thumb Code     2  os_cpu_c.o(.text)
    OSTaskStatHook                           0x08000f1f   Thumb Code     2  os_cpu_c.o(.text)
    OSTaskStkInit                            0x08000f21   Thumb Code   426  os_cpu_c.o(.text)
    OSTaskSwHook                             0x080010cb   Thumb Code     2  os_cpu_c.o(.text)
    OSTCBInitHook                            0x080010cd   Thumb Code     2  os_cpu_c.o(.text)
    OSTimeTickHook                           0x080010cf   Thumb Code     2  os_cpu_c.o(.text)
    OSTaskReturnHook                         0x080010d1   Thumb Code     2  os_cpu_c.o(.text)
    OS_CPU_SR_Save                           0x080010d9   Thumb Code     0  os_cpu_a.o(.text)
    OS_CPU_SR_Restore                        0x080010e1   Thumb Code     0  os_cpu_a.o(.text)
    OSStartHighRdy                           0x080010e7   Thumb Code     0  os_cpu_a.o(.text)
    OSCtxSw                                  0x0800110b   Thumb Code     0  os_cpu_a.o(.text)
    OSIntCtxSw                               0x08001119   Thumb Code     0  os_cpu_a.o(.text)
    PendSV_Handler                           0x08001129   Thumb Code     0  os_cpu_a.o(.text)
    OSTaskNameSet                            0x080011a1   Thumb Code   120  ucos_ii.o(.text)
    OS_Sched                                 0x08001233   Thumb Code    88  ucos_ii.o(.text)
    OSTimeDly                                0x0800128b   Thumb Code   100  ucos_ii.o(.text)
    OSTaskStkChk                             0x080012ef   Thumb Code   150  ucos_ii.o(.text)
    OS_TaskStatStkChk                        0x08001385   Thumb Code    54  ucos_ii.o(.text)
    OSTaskSuspend                            0x080013bb   Thumb Code   172  ucos_ii.o(.text)
    OS_TaskStat                              0x08001467   Thumb Code   116  ucos_ii.o(.text)
    OS_TCBInit                               0x080014db   Thumb Code   358  ucos_ii.o(.text)
    OS_TaskStkClr                            0x08001641   Thumb Code    26  ucos_ii.o(.text)
    OSTaskCreateExt                          0x0800165b   Thumb Code   178  ucos_ii.o(.text)
    OS_TaskIdle                              0x08001741   Thumb Code    34  ucos_ii.o(.text)
    OS_MemClr                                0x08001797   Thumb Code    18  ucos_ii.o(.text)
    OS_QInit                                 0x080017a9   Thumb Code    68  ucos_ii.o(.text)
    OS_FlagInit                              0x080017ed   Thumb Code    74  ucos_ii.o(.text)
    OSInit                                   0x08001947   Thumb Code    44  ucos_ii.o(.text)
    OSIntEnter                               0x08001973   Thumb Code    28  ucos_ii.o(.text)
    OSIntExit                                0x0800198f   Thumb Code   266  ucos_ii.o(.text)
    OSSchedLock                              0x08001a99   Thumb Code    50  ucos_ii.o(.text)
    OSSchedUnlock                            0x08001acb   Thumb Code    82  ucos_ii.o(.text)
    OSStart                                  0x08001b1d   Thumb Code    48  ucos_ii.o(.text)
    OSStatInit                               0x08001b4d   Thumb Code    62  ucos_ii.o(.text)
    OSTimeTick                               0x08001b8b   Thumb Code   210  ucos_ii.o(.text)
    OSVersion                                0x08001c5d   Thumb Code     6  ucos_ii.o(.text)
    OS_Dummy                                 0x08001c63   Thumb Code     2  ucos_ii.o(.text)
    OS_EventTaskRemove                       0x08001c65   Thumb Code    42  ucos_ii.o(.text)
    OS_EventTaskRdy                          0x08001c8f   Thumb Code   114  ucos_ii.o(.text)
    OS_EventTaskWait                         0x08001d01   Thumb Code   112  ucos_ii.o(.text)
    OS_EventWaitListInit                     0x08001d71   Thumb Code    28  ucos_ii.o(.text)
    OS_MemCopy                               0x08001d8d   Thumb Code    20  ucos_ii.o(.text)
    OS_StrLen                                0x08001da1   Thumb Code    20  ucos_ii.o(.text)
    OSFlagAccept                             0x08001db5   Thumb Code   330  ucos_ii.o(.text)
    OSFlagCreate                             0x08001eff   Thumb Code    88  ucos_ii.o(.text)
    OS_FlagUnlink                            0x08001f57   Thumb Code    36  ucos_ii.o(.text)
    OSFlagDel                                0x08001fcd   Thumb Code   228  ucos_ii.o(.text)
    OSFlagNameGet                            0x080020b1   Thumb Code   100  ucos_ii.o(.text)
    OSFlagNameSet                            0x08002115   Thumb Code    82  ucos_ii.o(.text)
    OSFlagPend                               0x080021ff   Thumb Code   620  ucos_ii.o(.text)
    OSFlagPendGetFlagsRdy                    0x0800246b   Thumb Code    26  ucos_ii.o(.text)
    OSFlagPost                               0x08002485   Thumb Code   322  ucos_ii.o(.text)
    OSFlagQuery                              0x080025c7   Thumb Code    58  ucos_ii.o(.text)
    OSMboxAccept                             0x08002601   Thumb Code    44  ucos_ii.o(.text)
    OSMboxCreate                             0x0800262d   Thumb Code    68  ucos_ii.o(.text)
    OSMboxDel                                0x08002671   Thumb Code   224  ucos_ii.o(.text)
    OSMboxPend                               0x08002751   Thumb Code   256  ucos_ii.o(.text)
    OSMboxPendAbort                          0x08002851   Thumb Code   138  ucos_ii.o(.text)
    OSMboxPost                               0x080028db   Thumb Code    92  ucos_ii.o(.text)
    OSMboxPostOpt                            0x08002937   Thumb Code   132  ucos_ii.o(.text)
    OSMboxQuery                              0x080029bb   Thumb Code    88  ucos_ii.o(.text)
    OSMutexAccept                            0x08002a13   Thumb Code   146  ucos_ii.o(.text)
    OSMutexCreate                            0x08002aa5   Thumb Code   146  ucos_ii.o(.text)
    OSMutexDel                               0x08002bcb   Thumb Code   276  ucos_ii.o(.text)
    OSMutexPend                              0x08002cdf   Thumb Code   550  ucos_ii.o(.text)
    OSMutexPost                              0x08002f05   Thumb Code   222  ucos_ii.o(.text)
    OSMutexQuery                             0x08002fe3   Thumb Code   118  ucos_ii.o(.text)
    OSQAccept                                0x08003059   Thumb Code    98  ucos_ii.o(.text)
    OSQCreate                                0x080030bb   Thumb Code   140  ucos_ii.o(.text)
    OSQDel                                   0x08003147   Thumb Code   246  ucos_ii.o(.text)
    OSQFlush                                 0x0800323d   Thumb Code    52  ucos_ii.o(.text)
    OSQPend                                  0x08003271   Thumb Code   282  ucos_ii.o(.text)
    OSQPendAbort                             0x0800338b   Thumb Code   162  ucos_ii.o(.text)
    OSQPost                                  0x0800342d   Thumb Code   120  ucos_ii.o(.text)
    OSQPostFront                             0x080034a5   Thumb Code   122  ucos_ii.o(.text)
    OSQPostOpt                               0x0800351f   Thumb Code   188  ucos_ii.o(.text)
    OSQQuery                                 0x080035db   Thumb Code   110  ucos_ii.o(.text)
    OSSemAccept                              0x08003649   Thumb Code    48  ucos_ii.o(.text)
    OSSemCreate                              0x08003679   Thumb Code    68  ucos_ii.o(.text)
    OSSemDel                                 0x080036bd   Thumb Code   210  ucos_ii.o(.text)
    OSSemPend                                0x0800378f   Thumb Code   230  ucos_ii.o(.text)
    OSSemPendAbort                           0x08003875   Thumb Code   138  ucos_ii.o(.text)
    OSSemPost                                0x080038ff   Thumb Code    94  ucos_ii.o(.text)
    OSSemQuery                               0x0800395d   Thumb Code    88  ucos_ii.o(.text)
    OSSemSet                                 0x080039b5   Thumb Code    74  ucos_ii.o(.text)
    OSTaskChangePrio                         0x080039ff   Thumb Code   364  ucos_ii.o(.text)
    OSTaskCreate                             0x08003b6b   Thumb Code   156  ucos_ii.o(.text)
    OSTaskDel                                0x08003c07   Thumb Code   306  ucos_ii.o(.text)
    OSTaskDelReq                             0x08003d39   Thumb Code   112  ucos_ii.o(.text)
    OSTaskNameGet                            0x08003da9   Thumb Code   140  ucos_ii.o(.text)
    OSTaskResume                             0x08003e35   Thumb Code   214  ucos_ii.o(.text)
    OSTaskQuery                              0x08003f0b   Thumb Code   100  ucos_ii.o(.text)
    OSTaskRegGet                             0x08003f6f   Thumb Code    86  ucos_ii.o(.text)
    OSTaskRegSet                             0x08003fc5   Thumb Code    84  ucos_ii.o(.text)
    OS_TaskReturn                            0x08004019   Thumb Code    18  ucos_ii.o(.text)
    OSTimeDlyHMSM                            0x0800402b   Thumb Code   124  ucos_ii.o(.text)
    OSTimeDlyResume                          0x080040a7   Thumb Code   168  ucos_ii.o(.text)
    OSTimeGet                                0x0800414f   Thumb Code    24  ucos_ii.o(.text)
    OSTimeSet                                0x08004167   Thumb Code    24  ucos_ii.o(.text)
    NVIC_PriorityGroupConfig                 0x080041a1   Thumb Code    10  misc.o(.text)
    NVIC_Init                                0x080041ab   Thumb Code   106  misc.o(.text)
    NVIC_SetVectorTable                      0x08004215   Thumb Code    14  misc.o(.text)
    NVIC_SystemLPConfig                      0x08004223   Thumb Code    34  misc.o(.text)
    SysTick_CLKSourceConfig                  0x08004245   Thumb Code    40  misc.o(.text)
    GPIO_DeInit                              0x08004281   Thumb Code   268  stm32f4xx_gpio.o(.text)
    GPIO_Init                                0x0800438d   Thumb Code   144  stm32f4xx_gpio.o(.text)
    GPIO_StructInit                          0x0800441d   Thumb Code    18  stm32f4xx_gpio.o(.text)
    GPIO_PinLockConfig                       0x0800442f   Thumb Code    34  stm32f4xx_gpio.o(.text)
    GPIO_ReadInputDataBit                    0x08004451   Thumb Code    18  stm32f4xx_gpio.o(.text)
    GPIO_ReadInputData                       0x08004463   Thumb Code     8  stm32f4xx_gpio.o(.text)
    GPIO_ReadOutputDataBit                   0x0800446b   Thumb Code    18  stm32f4xx_gpio.o(.text)
    GPIO_ReadOutputData                      0x0800447d   Thumb Code     8  stm32f4xx_gpio.o(.text)
    GPIO_SetBits                             0x08004485   Thumb Code     4  stm32f4xx_gpio.o(.text)
    GPIO_ResetBits                           0x08004489   Thumb Code     4  stm32f4xx_gpio.o(.text)
    GPIO_WriteBit                            0x0800448d   Thumb Code    10  stm32f4xx_gpio.o(.text)
    GPIO_Write                               0x08004497   Thumb Code     4  stm32f4xx_gpio.o(.text)
    GPIO_ToggleBits                          0x0800449b   Thumb Code     8  stm32f4xx_gpio.o(.text)
    GPIO_PinAFConfig                         0x080044a3   Thumb Code    70  stm32f4xx_gpio.o(.text)
    RCC_DeInit                               0x08004515   Thumb Code    82  stm32f4xx_rcc.o(.text)
    RCC_HSEConfig                            0x08004567   Thumb Code    14  stm32f4xx_rcc.o(.text)
    RCC_GetFlagStatus                        0x08004575   Thumb Code    60  stm32f4xx_rcc.o(.text)
    RCC_WaitForHSEStartUp                    0x080045b1   Thumb Code    56  stm32f4xx_rcc.o(.text)
    RCC_AdjustHSICalibrationValue            0x080045e9   Thumb Code    20  stm32f4xx_rcc.o(.text)
    RCC_HSICmd                               0x080045fd   Thumb Code     6  stm32f4xx_rcc.o(.text)
    RCC_LSEConfig                            0x08004603   Thumb Code    46  stm32f4xx_rcc.o(.text)
    RCC_LSICmd                               0x08004631   Thumb Code     6  stm32f4xx_rcc.o(.text)
    RCC_PLLConfig                            0x08004637   Thumb Code    32  stm32f4xx_rcc.o(.text)
    RCC_PLLCmd                               0x08004657   Thumb Code     6  stm32f4xx_rcc.o(.text)
    RCC_PLLI2SConfig                         0x0800465d   Thumb Code    14  stm32f4xx_rcc.o(.text)
    RCC_PLLI2SCmd                            0x0800466b   Thumb Code     6  stm32f4xx_rcc.o(.text)
    RCC_PLLSAIConfig                         0x08004671   Thumb Code    20  stm32f4xx_rcc.o(.text)
    RCC_PLLSAICmd                            0x08004685   Thumb Code     6  stm32f4xx_rcc.o(.text)
    RCC_ClockSecuritySystemCmd               0x0800468b   Thumb Code     6  stm32f4xx_rcc.o(.text)
    RCC_MCO1Config                           0x08004691   Thumb Code    28  stm32f4xx_rcc.o(.text)
    RCC_MCO2Config                           0x080046ad   Thumb Code    28  stm32f4xx_rcc.o(.text)
    RCC_SYSCLKConfig                         0x080046c9   Thumb Code    20  stm32f4xx_rcc.o(.text)
    RCC_GetSYSCLKSource                      0x080046dd   Thumb Code    12  stm32f4xx_rcc.o(.text)
    RCC_HCLKConfig                           0x080046e9   Thumb Code    20  stm32f4xx_rcc.o(.text)
    RCC_PCLK1Config                          0x080046fd   Thumb Code    20  stm32f4xx_rcc.o(.text)
    RCC_PCLK2Config                          0x08004711   Thumb Code    22  stm32f4xx_rcc.o(.text)
    RCC_GetClocksFreq                        0x08004727   Thumb Code   222  stm32f4xx_rcc.o(.text)
    RCC_RTCCLKConfig                         0x08004805   Thumb Code    54  stm32f4xx_rcc.o(.text)
    RCC_RTCCLKCmd                            0x0800483b   Thumb Code     8  stm32f4xx_rcc.o(.text)
    RCC_BackupResetCmd                       0x08004843   Thumb Code     8  stm32f4xx_rcc.o(.text)
    RCC_I2SCLKConfig                         0x0800484b   Thumb Code     6  stm32f4xx_rcc.o(.text)
    RCC_SAIPLLI2SClkDivConfig                0x08004851   Thumb Code    26  stm32f4xx_rcc.o(.text)
    RCC_SAIPLLSAIClkDivConfig                0x0800486b   Thumb Code    28  stm32f4xx_rcc.o(.text)
    RCC_SAIBlockACLKConfig                   0x08004887   Thumb Code    20  stm32f4xx_rcc.o(.text)
    RCC_SAIBlockBCLKConfig                   0x0800489b   Thumb Code    20  stm32f4xx_rcc.o(.text)
    RCC_LTDCCLKDivConfig                     0x080048af   Thumb Code    20  stm32f4xx_rcc.o(.text)
    RCC_TIMCLKPresConfig                     0x080048c3   Thumb Code     6  stm32f4xx_rcc.o(.text)
    RCC_AHB1PeriphClockCmd                   0x080048c9   Thumb Code    34  stm32f4xx_rcc.o(.text)
    RCC_AHB2PeriphClockCmd                   0x080048eb   Thumb Code    78  stm32f4xx_rcc.o(.text)
    RCC_AHB3PeriphClockCmd                   0x08004939   Thumb Code    34  stm32f4xx_rcc.o(.text)
    RCC_APB1PeriphClockCmd                   0x0800495b   Thumb Code    34  stm32f4xx_rcc.o(.text)
    RCC_APB2PeriphClockCmd                   0x0800497d   Thumb Code    34  stm32f4xx_rcc.o(.text)
    RCC_AHB1PeriphResetCmd                   0x0800499f   Thumb Code    34  stm32f4xx_rcc.o(.text)
    RCC_AHB2PeriphResetCmd                   0x080049c1   Thumb Code    34  stm32f4xx_rcc.o(.text)
    RCC_AHB3PeriphResetCmd                   0x080049e3   Thumb Code    34  stm32f4xx_rcc.o(.text)
    RCC_APB1PeriphResetCmd                   0x08004a05   Thumb Code    34  stm32f4xx_rcc.o(.text)
    RCC_APB2PeriphResetCmd                   0x08004a27   Thumb Code    34  stm32f4xx_rcc.o(.text)
    RCC_AHB1PeriphClockLPModeCmd             0x08004a49   Thumb Code    34  stm32f4xx_rcc.o(.text)
    RCC_AHB2PeriphClockLPModeCmd             0x08004a6b   Thumb Code    34  stm32f4xx_rcc.o(.text)
    RCC_AHB3PeriphClockLPModeCmd             0x08004a8d   Thumb Code    34  stm32f4xx_rcc.o(.text)
    RCC_APB1PeriphClockLPModeCmd             0x08004aaf   Thumb Code    34  stm32f4xx_rcc.o(.text)
    RCC_APB2PeriphClockLPModeCmd             0x08004ad1   Thumb Code    34  stm32f4xx_rcc.o(.text)
    RCC_LSEModeConfig                        0x08004af3   Thumb Code    40  stm32f4xx_rcc.o(.text)
    RCC_ITConfig                             0x08004b1b   Thumb Code    34  stm32f4xx_rcc.o(.text)
    RCC_ClearFlag                            0x08004b3d   Thumb Code    18  stm32f4xx_rcc.o(.text)
    RCC_GetITStatus                          0x08004b4f   Thumb Code    22  stm32f4xx_rcc.o(.text)
    RCC_ClearITPendingBit                    0x08004b65   Thumb Code     8  stm32f4xx_rcc.o(.text)
    __use_no_semihosting                     0x08004b71   Thumb Code     2  use_no_semi_2.o(.text)
    __2printf                                0x08004b75   Thumb Code    20  noretval__2printf.o(.text)
    _printf_str                              0x08004b8d   Thumb Code    82  _printf_str.o(.text)
    _printf_int_dec                          0x08004be1   Thumb Code   100  _printf_dec.o(.text)
    _printf_int_hex                          0x08004c55   Thumb Code    84  _printf_hex_int.o(.text)
    _printf_longlong_hex                     0x08004c55   Thumb Code     0  _printf_hex_int.o(.text)
    __printf                                 0x08004cad   Thumb Code   144  __printf_flags.o(.text)
    __use_two_region_memory                  0x08004d41   Thumb Code     2  heapauxi.o(.text)
    __rt_heap_escrow$2region                 0x08004d43   Thumb Code     2  heapauxi.o(.text)
    __rt_heap_expand$2region                 0x08004d45   Thumb Code     2  heapauxi.o(.text)
    __I$use$semihosting                      0x08004d47   Thumb Code     0  use_no_semi.o(.text)
    __use_no_semihosting_swi                 0x08004d47   Thumb Code     2  use_no_semi.o(.text)
    _printf_int_common                       0x08004d49   Thumb Code   178  _printf_intcommon.o(.text)
    _printf_cs_common                        0x08004dfb   Thumb Code    20  _printf_char.o(.text)
    _printf_char                             0x08004e0f   Thumb Code    16  _printf_char.o(.text)
    _printf_string                           0x08004e1f   Thumb Code     8  _printf_char.o(.text)
    _printf_char_file                        0x08004e29   Thumb Code    32  _printf_char_file.o(.text)
    _printf_char_common                      0x08004e57   Thumb Code    32  _printf_char_common.o(.text)
    ferror                                   0x08004e7d   Thumb Code     8  ferror.o(.text)
    __user_setup_stackheap                   0x08004e85   Thumb Code    74  sys_stackheap_outer.o(.text)
    exit                                     0x08004ecf   Thumb Code    12  exit.o(.text)
    __user_libspace                          0x08004edd   Thumb Code     8  libspace.o(.text)
    __user_perproc_libspace                  0x08004edd   Thumb Code     0  libspace.o(.text)
    __user_perthread_libspace                0x08004edd   Thumb Code     0  libspace.o(.text)
    _fp_init                                 0x08004ee5   Thumb Code    10  fpinit.o(x$fpl$fpinit)
    __fplib_config_fpu_vfp                   0x08004eed   Thumb Code     0  fpinit.o(x$fpl$fpinit)
    __fplib_config_pureend_doubles           0x08004eed   Thumb Code     0  fpinit.o(x$fpl$fpinit)
    OSUnMapTbl                               0x08004eee   Data         256  ucos_ii.o(.constdata)
    Region$$Table$$Base                      0x08005028   Number         0  anon$$obj.o(Region$$Table)
    Region$$Table$$Limit                     0x08005048   Number         0  anon$$obj.o(Region$$Table)
    sem0                                     0x20000000   Data           4  main.o(.data)
    sem1                                     0x20000004   Data           4  main.o(.data)
    SystemCoreClock                          0x20000008   Data           4  system_stm32f4xx.o(.data)
    AHBPrescTable                            0x2000000c   Data          16  system_stm32f4xx.o(.data)
    __stdout                                 0x20000024   Data           4  usart.o(.data)
    USART_RX_STA                             0x20000028   Data           2  usart.o(.data)
    OSCtxSwCtr                               0x2000002c   Data           4  ucos_ii.o(.data)
    OSEventFreeList                          0x20000030   Data           4  ucos_ii.o(.data)
    OSFlagFreeList                           0x20000034   Data           4  ucos_ii.o(.data)
    OSCPUUsage                               0x20000038   Data           1  ucos_ii.o(.data)
    OSIdleCtrMax                             0x2000003c   Data           4  ucos_ii.o(.data)
    OSIdleCtrRun                             0x20000040   Data           4  ucos_ii.o(.data)
    OSStatRdy                                0x20000044   Data           1  ucos_ii.o(.data)
    OSIntNesting                             0x20000045   Data           1  ucos_ii.o(.data)
    OSLockNesting                            0x20000046   Data           1  ucos_ii.o(.data)
    OSPrioCur                                0x20000047   Data           1  ucos_ii.o(.data)
    OSPrioHighRdy                            0x20000048   Data           1  ucos_ii.o(.data)
    OSRdyGrp                                 0x20000049   Data           1  ucos_ii.o(.data)
    OSRdyTbl                                 0x2000004a   Data           8  ucos_ii.o(.data)
    OSRunning                                0x20000052   Data           1  ucos_ii.o(.data)
    OSTaskCtr                                0x20000053   Data           1  ucos_ii.o(.data)
    OSIdleCtr                                0x20000054   Data           4  ucos_ii.o(.data)
    OSTCBCur                                 0x20000058   Data           4  ucos_ii.o(.data)
    OSTCBFreeList                            0x2000005c   Data           4  ucos_ii.o(.data)
    OSTCBHighRdy                             0x20000060   Data           4  ucos_ii.o(.data)
    OSTCBList                                0x20000064   Data           4  ucos_ii.o(.data)
    OSTickStepState                          0x20000068   Data           1  ucos_ii.o(.data)
    OSQFreeList                              0x2000006c   Data           4  ucos_ii.o(.data)
    OSTime                                   0x20000070   Data           4  ucos_ii.o(.data)
    START_SKT                                0x20000084   Data         512  main.o(.bss)
    LED0_SKT                                 0x20000284   Data         256  main.o(.bss)
    LED1_SKT                                 0x20000384   Data         256  main.o(.bss)
    KEY_SKT                                  0x20000484   Data         512  main.o(.bss)
    USART_RX_BUF                             0x20000684   Data         200  usart.o(.bss)
    OSEventTbl                               0x2000074c   Data         200  ucos_ii.o(.bss)
    OSFlagTbl                                0x20000814   Data          80  ucos_ii.o(.bss)
    OSTaskStatStk                            0x20000864   Data         512  ucos_ii.o(.bss)
    OSTaskIdleStk                            0x20000a64   Data         512  ucos_ii.o(.bss)
    OSTCBPrioTbl                             0x20000c64   Data         256  ucos_ii.o(.bss)
    OSTCBTbl                                 0x20000d64   Data        1008  ucos_ii.o(.bss)
    OSQTbl                                   0x20001154   Data         120  ucos_ii.o(.bss)
    __libspace_start                         0x200011cc   Data          96  libspace.o(.bss)
    __temporary_stack_top$libspace           0x2000122c   Data           0  libspace.o(.bss)



==============================================================================

Memory Map of the image

  Image Entry point : 0x08000189

  Load Region LR_IROM1 (Base: 0x08000000, Size: 0x000050cc, Max: 0x00100000, ABSOLUTE)

    Execution Region ER_IROM1 (Base: 0x08000000, Size: 0x00005048, Max: 0x00100000, ABSOLUTE)

    Base Addr    Size         Type   Attr      Idx    E Section Name        Object

    0x08000000   0x00000188   Data   RO            3    RESET               startup_stm32f40_41xxx.o
    0x08000188   0x00000008   Code   RO          673  * !!!main             c_w.l(__main.o)
    0x08000190   0x00000034   Code   RO          840    !!!scatter          c_w.l(__scatter.o)
    0x080001c4   0x0000001a   Code   RO          842    !!handler_copy      c_w.l(__scatter_copy.o)
    0x080001de   0x00000002   PAD
    0x080001e0   0x0000001c   Code   RO          844    !!handler_zi        c_w.l(__scatter_zi.o)
    0x080001fc   0x00000000   Code   RO          670    .ARM.Collect$$_printf_percent$$00000000  c_w.l(_printf_percent.o)
    0x080001fc   0x00000006   Code   RO          669    .ARM.Collect$$_printf_percent$$00000009  c_w.l(_printf_d.o)
    0x08000202   0x00000006   Code   RO          668    .ARM.Collect$$_printf_percent$$0000000C  c_w.l(_printf_x.o)
    0x08000208   0x00000006   Code   RO          667    .ARM.Collect$$_printf_percent$$00000014  c_w.l(_printf_s.o)
    0x0800020e   0x00000004   Code   RO          684    .ARM.Collect$$_printf_percent$$00000017  c_w.l(_printf_percent_end.o)
    0x08000212   0x00000002   Code   RO          717    .ARM.Collect$$libinit$$00000000  c_w.l(libinit.o)
    0x08000214   0x00000004   Code   RO          723    .ARM.Collect$$libinit$$00000001  c_w.l(libinit2.o)
    0x08000218   0x00000000   Code   RO          727    .ARM.Collect$$libinit$$00000008  c_w.l(libinit2.o)
    0x08000218   0x00000000   Code   RO          729    .ARM.Collect$$libinit$$0000000A  c_w.l(libinit2.o)
    0x08000218   0x00000000   Code   RO          731    .ARM.Collect$$libinit$$0000000C  c_w.l(libinit2.o)
    0x08000218   0x00000000   Code   RO          734    .ARM.Collect$$libinit$$0000000F  c_w.l(libinit2.o)
    0x08000218   0x00000000   Code   RO          736    .ARM.Collect$$libinit$$00000011  c_w.l(libinit2.o)
    0x08000218   0x00000000   Code   RO          738    .ARM.Collect$$libinit$$00000013  c_w.l(libinit2.o)
    0x08000218   0x00000000   Code   RO          740    .ARM.Collect$$libinit$$00000015  c_w.l(libinit2.o)
    0x08000218   0x00000000   Code   RO          742    .ARM.Collect$$libinit$$00000017  c_w.l(libinit2.o)
    0x08000218   0x00000000   Code   RO          744    .ARM.Collect$$libinit$$00000019  c_w.l(libinit2.o)
    0x08000218   0x00000000   Code   RO          746    .ARM.Collect$$libinit$$0000001B  c_w.l(libinit2.o)
    0x08000218   0x00000000   Code   RO          748    .ARM.Collect$$libinit$$0000001D  c_w.l(libinit2.o)
    0x08000218   0x00000000   Code   RO          750    .ARM.Collect$$libinit$$0000001F  c_w.l(libinit2.o)
    0x08000218   0x00000000   Code   RO          752    .ARM.Collect$$libinit$$00000021  c_w.l(libinit2.o)
    0x08000218   0x00000000   Code   RO          754    .ARM.Collect$$libinit$$00000023  c_w.l(libinit2.o)
    0x08000218   0x00000000   Code   RO          758    .ARM.Collect$$libinit$$0000002A  c_w.l(libinit2.o)
    0x08000218   0x00000000   Code   RO          760    .ARM.Collect$$libinit$$0000002C  c_w.l(libinit2.o)
    0x08000218   0x00000000   Code   RO          762    .ARM.Collect$$libinit$$0000002E  c_w.l(libinit2.o)
    0x08000218   0x00000000   Code   RO          764    .ARM.Collect$$libinit$$00000030  c_w.l(libinit2.o)
    0x08000218   0x00000002   Code   RO          765    .ARM.Collect$$libinit$$00000031  c_w.l(libinit2.o)
    0x0800021a   0x00000002   Code   RO          783    .ARM.Collect$$libshutdown$$00000000  c_w.l(libshutdown.o)
    0x0800021c   0x00000000   Code   RO          794    .ARM.Collect$$libshutdown$$00000003  c_w.l(libshutdown2.o)
    0x0800021c   0x00000000   Code   RO          797    .ARM.Collect$$libshutdown$$00000006  c_w.l(libshutdown2.o)
    0x0800021c   0x00000000   Code   RO          800    .ARM.Collect$$libshutdown$$00000009  c_w.l(libshutdown2.o)
    0x0800021c   0x00000000   Code   RO          802    .ARM.Collect$$libshutdown$$0000000B  c_w.l(libshutdown2.o)
    0x0800021c   0x00000000   Code   RO          805    .ARM.Collect$$libshutdown$$0000000E  c_w.l(libshutdown2.o)
    0x0800021c   0x00000002   Code   RO          806    .ARM.Collect$$libshutdown$$0000000F  c_w.l(libshutdown2.o)
    0x0800021e   0x00000000   Code   RO          677    .ARM.Collect$$rtentry$$00000000  c_w.l(rtentry.o)
    0x0800021e   0x00000000   Code   RO          686    .ARM.Collect$$rtentry$$00000002  c_w.l(rtentry2.o)
    0x0800021e   0x00000006   Code   RO          698    .ARM.Collect$$rtentry$$00000004  c_w.l(rtentry4.o)
    0x08000224   0x00000000   Code   RO          688    .ARM.Collect$$rtentry$$00000009  c_w.l(rtentry2.o)
    0x08000224   0x00000004   Code   RO          689    .ARM.Collect$$rtentry$$0000000A  c_w.l(rtentry2.o)
    0x08000228   0x00000000   Code   RO          691    .ARM.Collect$$rtentry$$0000000C  c_w.l(rtentry2.o)
    0x08000228   0x00000008   Code   RO          692    .ARM.Collect$$rtentry$$0000000D  c_w.l(rtentry2.o)
    0x08000230   0x00000002   Code   RO          721    .ARM.Collect$$rtexit$$00000000  c_w.l(rtexit.o)
    0x08000232   0x00000000   Code   RO          767    .ARM.Collect$$rtexit$$00000002  c_w.l(rtexit2.o)
    0x08000232   0x00000004   Code   RO          768    .ARM.Collect$$rtexit$$00000003  c_w.l(rtexit2.o)
    0x08000236   0x00000006   Code   RO          769    .ARM.Collect$$rtexit$$00000004  c_w.l(rtexit2.o)
    0x0800023c   0x00000010   Code   RO          380    .emb_text           sys.o
    0x0800024c   0x00000040   Code   RO            4    .text               startup_stm32f40_41xxx.o
    0x0800028c   0x000001e8   Code   RO           12    .text               main.o
    0x08000474   0x00000016   Code   RO          191    .text               stm32f4xx_it.o
    0x0800048a   0x00000002   PAD
    0x0800048c   0x00000210   Code   RO          240    .text               system_stm32f4xx.o
    0x0800069c   0x00000040   Code   RO          266    .text               led.o
    0x080006dc   0x000000f0   Code   RO          286    .text               key.o
    0x080007cc   0x00000038   Code   RO          307    .text               beep.o
    0x08000804   0x00000114   Code   RO          327    .text               delay.o
    0x08000918   0x000001a4   Code   RO          349    .text               usart.o
    0x08000abc   0x00000458   Code   RO          381    .text               sys.o
    0x08000f14   0x000001c4   Code   RO          404    .text               os_cpu_c.o
    0x080010d8   0x000000c8   Code   RO          455    .text               os_cpu_a.o
    0x080011a0   0x00003000   Code   RO          458    .text               ucos_ii.o
    0x080041a0   0x000000e0   Code   RO          492    .text               misc.o
    0x08004280   0x00000294   Code   RO          532    .text               stm32f4xx_gpio.o
    0x08004514   0x0000065c   Code   RO          552    .text               stm32f4xx_rcc.o
    0x08004b70   0x00000002   Code   RO          614    .text               c_w.l(use_no_semi_2.o)
    0x08004b72   0x00000002   PAD
    0x08004b74   0x00000018   Code   RO          618    .text               c_w.l(noretval__2printf.o)
    0x08004b8c   0x00000052   Code   RO          622    .text               c_w.l(_printf_str.o)
    0x08004bde   0x00000002   PAD
    0x08004be0   0x00000074   Code   RO          624    .text               c_w.l(_printf_dec.o)
    0x08004c54   0x00000058   Code   RO          629    .text               c_w.l(_printf_hex_int.o)
    0x08004cac   0x00000094   Code   RO          647    .text               c_w.l(__printf_flags.o)
    0x08004d40   0x00000006   Code   RO          671    .text               c_w.l(heapauxi.o)
    0x08004d46   0x00000002   Code   RO          675    .text               c_w.l(use_no_semi.o)
    0x08004d48   0x000000b2   Code   RO          678    .text               c_w.l(_printf_intcommon.o)
    0x08004dfa   0x0000002c   Code   RO          680    .text               c_w.l(_printf_char.o)
    0x08004e26   0x00000002   PAD
    0x08004e28   0x00000024   Code   RO          682    .text               c_w.l(_printf_char_file.o)
    0x08004e4c   0x00000030   Code   RO          700    .text               c_w.l(_printf_char_common.o)
    0x08004e7c   0x00000008   Code   RO          702    .text               c_w.l(ferror.o)
    0x08004e84   0x0000004a   Code   RO          706    .text               c_w.l(sys_stackheap_outer.o)
    0x08004ece   0x0000000c   Code   RO          710    .text               c_w.l(exit.o)
    0x08004eda   0x00000002   PAD
    0x08004edc   0x00000008   Code   RO          718    .text               c_w.l(libspace.o)
    0x08004ee4   0x0000000a   Code   RO          775    x$fpl$fpinit        fz_wm.l(fpinit.o)
    0x08004eee   0x00000100   Data   RO          460    .constdata          ucos_ii.o
    0x08004fee   0x00000028   Data   RO          630    .constdata          c_w.l(_printf_hex_int.o)
    0x08005016   0x00000011   Data   RO          648    .constdata          c_w.l(__printf_flags.o)
    0x08005027   0x00000001   PAD
    0x08005028   0x00000020   Data   RO          838    Region$$Table       anon$$obj.o


    Execution Region RW_IRAM1 (Base: 0x20000000, Size: 0x00001830, Max: 0x00020000, ABSOLUTE)

    Base Addr    Size         Type   Attr      Idx    E Section Name        Object

    0x20000000   0x00000008   Data   RW           14    .data               main.o
    0x20000008   0x00000014   Data   RW          241    .data               system_stm32f4xx.o
    0x2000001c   0x00000001   Data   RW          287    .data               key.o
    0x2000001d   0x00000001   PAD
    0x2000001e   0x00000004   Data   RW          328    .data               delay.o
    0x20000022   0x00000002   PAD
    0x20000024   0x00000006   Data   RW          351    .data               usart.o
    0x2000002a   0x00000002   PAD
    0x2000002c   0x00000048   Data   RW          461    .data               ucos_ii.o
    0x20000074   0x00000010   Data   RW          553    .data               stm32f4xx_rcc.o
    0x20000084   0x00000600   Zero   RW           13    .bss                main.o
    0x20000684   0x000000c8   Zero   RW          350    .bss                usart.o
    0x2000074c   0x00000a80   Zero   RW          459    .bss                ucos_ii.o
    0x200011cc   0x00000060   Zero   RW          719    .bss                c_w.l(libspace.o)
    0x2000122c   0x00000004   PAD
    0x20001230   0x00000200   Zero   RW            2    HEAP                startup_stm32f40_41xxx.o
    0x20001430   0x00000400   Zero   RW            1    STACK               startup_stm32f40_41xxx.o


==============================================================================

Image component sizes


      Code (inc. data)   RO Data    RW Data    ZI Data      Debug   Object Name

        56         14          0          0          0        476   beep.o
       276         18          0          4          0       1575   delay.o
       240         24          0          1          0        812   key.o
        64          6          0          0          0        523   led.o
       488        126          0          8       1536     265060   main.o
       224         20          0          0          0       1949   misc.o
       200         32          0          0          0        316   os_cpu_a.o
       452          6          0          0          0     239774   os_cpu_c.o
        64         26        392          0       1536        864   startup_stm32f40_41xxx.o
       660         44          0          0          0       4221   stm32f4xx_gpio.o
        22          0          0          0          0       1031   stm32f4xx_it.o
      1628         52          0         16          0      13032   stm32f4xx_rcc.o
      1128         46          0          0          0       4020   sys.o
       528         46          0         20          0       1767   system_stm32f4xx.o
     12288        518        256         72       2688      47079   ucos_ii.o
       420         26          0          6        200       3362   usart.o

    ----------------------------------------------------------------------
     18740       1004        680        132       5960     585861   Object Totals
         0          0         32          0          0          0   (incl. Generated)
         2          0          0          5          0          0   (incl. Padding)

    ----------------------------------------------------------------------

      Code (inc. data)   RO Data    RW Data    ZI Data      Debug   Library Member Name

         8          0          0          0          0         68   __main.o
       148          4         17          0          0         84   __printf_flags.o
        52          8          0          0          0          0   __scatter.o
        26          0          0          0          0          0   __scatter_copy.o
        28          0          0          0          0          0   __scatter_zi.o
        44          0          0          0          0        108   _printf_char.o
        48          6          0          0          0         96   _printf_char_common.o
        36          4          0          0          0         80   _printf_char_file.o
         6          0          0          0          0          0   _printf_d.o
       116         16          0          0          0         92   _printf_dec.o
        88          4         40          0          0         88   _printf_hex_int.o
       178          0          0          0          0         88   _printf_intcommon.o
         0          0          0          0          0          0   _printf_percent.o
         4          0          0          0          0          0   _printf_percent_end.o
         6          0          0          0          0          0   _printf_s.o
        82          0          0          0          0         80   _printf_str.o
         6          0          0          0          0          0   _printf_x.o
        12          0          0          0          0         72   exit.o
         8          0          0          0          0         68   ferror.o
         6          0          0          0          0        152   heapauxi.o
         2          0          0          0          0          0   libinit.o
         6          0          0          0          0          0   libinit2.o
         2          0          0          0          0          0   libshutdown.o
         2          0          0          0          0          0   libshutdown2.o
         8          4          0          0         96         68   libspace.o
        24          4          0          0          0         84   noretval__2printf.o
         0          0          0          0          0          0   rtentry.o
        12          0          0          0          0          0   rtentry2.o
         6          0          0          0          0          0   rtentry4.o
         2          0          0          0          0          0   rtexit.o
        10          0          0          0          0          0   rtexit2.o
        74          0          0          0          0         80   sys_stackheap_outer.o
         2          0          0          0          0         68   use_no_semi.o
         2          0          0          0          0         68   use_no_semi_2.o
        10          0          0          0          0        116   fpinit.o

    ----------------------------------------------------------------------
      1074         50         58          0        100       1560   Library Totals
        10          0          1          0          4          0   (incl. Padding)

    ----------------------------------------------------------------------

      Code (inc. data)   RO Data    RW Data    ZI Data      Debug   Library Name

      1054         50         57          0         96       1444   c_w.l
        10          0          0          0          0        116   fz_wm.l

    ----------------------------------------------------------------------
      1074         50         58          0        100       1560   Library Totals

    ----------------------------------------------------------------------

==============================================================================


      Code (inc. data)   RO Data    RW Data    ZI Data      Debug   

     19814       1054        738        132       6060     583845   Grand Totals
     19814       1054        738        132       6060     583845   ELF Image Totals
     19814       1054        738        132          0          0   ROM Totals

==============================================================================

    Total RO  Size (Code + RO Data)                20552 (  20.07kB)
    Total RW  Size (RW Data + ZI Data)              6192 (   6.05kB)
    Total ROM Size (Code + RO Data + RW Data)      20684 (  20.20kB)

==============================================================================

